<html>
<body>
<pre>
<h1>µVision Build Log</h1>
<h2>Tool Versions:</h2>
IDE-Version: ÂµVision V5.39.0.0
Copyright (C) 2023 ARM Ltd and ARM Germany GmbH. All rights reserved.
License Information: DUY FPT, FPT, LIC=----
 
Tool Versions:
Toolchain:       MDK-Lite  Version: 5.39.0.0
Toolchain Path:  C:\Keil_v5\ARM\ARMCLANG\Bin
C Compiler:      ArmClang.exe V6.21
Assembler:       Armasm.exe V6.21
Linker/Locator:  ArmLink.exe V6.21
Library Manager: ArmAr.exe V6.21
Hex Converter:   FromElf.exe V6.21
CPU DLL:         SARMCM3.DLL V5.39.0.0
Dialog DLL:      DCM.DLL V1.17.5.0
Target DLL:      STLink\ST-LINKIII-KEIL_SWO.dll V3.2.0.0
Dialog DLL:      TCM.DLL V1.56.4.0
 
<h2>Project:</h2>
C:\Users\FPT\OneDrive\Desktop\project_nhung\BTL_nhung.uvprojx
Project File Date:  06/12/2024

<h2>Output:</h2>
*** Using Compiler 'V6.21', folder: 'C:\Keil_v5\ARM\ARMCLANG\Bin'
Rebuild target 'Target 1'
assembling startup_stm32f10x_md.s...
RTE/Device/STM32F103C8/system_stm32f10x.c(64): warning: In file included from...
C:/Users/FPT/AppData/Local/Arm/Packs/Keil/STM32F1xx_DFP/2.4.1/Device/Include\stm32f10x.h(18): warning: invalid UTF-8 in comment [-Winvalid-utf8]
   18 |   *              - To use or not the peripheral<92>s drivers in application code(i.e. 
      |                                                ^
C:/Users/FPT/AppData/Local/Arm/Packs/Keil/STM32F1xx_DFP/2.4.1/Device/Include\stm32f10x.h(19): warning: invalid UTF-8 in comment [-Winvalid-utf8]
   19 |   *                code will be based on direct access to peripheral<92>s registers 
      |                                                                     ^
C:/Users/FPT/AppData/Local/Arm/Packs/Keil/STM32F1xx_DFP/2.4.1/Device/Include\stm32f10x.h(26): warning: invalid UTF-8 in comment [-Winvalid-utf8]
   26 |   *           - Macros to access peripheral<92>s registers hardware
      |                                            ^
RTE/Device/STM32F103C8/system_stm32f10x.c(166): warning: no previous extern declaration for non-static variable 'AHBPrescTable' [-Wmissing-variable-declarations]
  166 | __I uint8_t AHBPrescTable[16] = {0, 0, 0, 0, 0, 0, 0, 0, 1, 2, 3, 4, 6, 7, 8, 9};
      |             ^
RTE/Device/STM32F103C8/system_stm32f10x.c(166): note: declare 'static' if the variable is not intended to be used outside of this translation unit
  166 | __I uint8_t AHBPrescTable[16] = {0, 0, 0, 0, 0, 0, 0, 0, 1, 2, 3, 4, 6, 7, 8, 9};
      |     ^
RTE/Device/STM32F103C8/system_stm32f10x.c(408): warning: unsafe buffer access [-Wunsafe-buffer-usage]
  408 |   tmp = AHBPrescTable[((RCC->CFGR & RCC_CFGR_HPRE) >> 4)];
      |         ^~~~~~~~~~~~~
5 warnings generated.
compiling system_stm32f10x.c...
D:/embeded/stm32f103c8t6/main_nhung.c(106): warning: In file included from...
C:/Users/FPT/AppData/Local/Arm/Packs/Keil/STM32F1xx_DFP/2.4.1/Device/Include\stm32f10x.h(18): warning: invalid UTF-8 in comment [-Winvalid-utf8]
   18 |   *              - To use or not the peripheral<92>s drivers in application code(i.e. 
      |                                                ^
C:/Users/FPT/AppData/Local/Arm/Packs/Keil/STM32F1xx_DFP/2.4.1/Device/Include\stm32f10x.h(19): warning: invalid UTF-8 in comment [-Winvalid-utf8]
   19 |   *                code will be based on direct access to peripheral<92>s registers 
      |                                                                     ^
C:/Users/FPT/AppData/Local/Arm/Packs/Keil/STM32F1xx_DFP/2.4.1/Device/Include\stm32f10x.h(26): warning: invalid UTF-8 in comment [-Winvalid-utf8]
   26 |   *           - Macros to access peripheral<92>s registers hardware
      |                                            ^
D:/embeded/stm32f103c8t6/main_nhung.c(108): warning: invalid UTF-8 in comment [-Winvalid-utf8]
  108 | #define MPU6050_ADDRESS 0xD0  // <D0>?a ch? I2C c?a MPU6050
      |                                  ^
D:/embeded/stm32f103c8t6/main_nhung.c(133): warning: a function declaration without a prototype is deprecated in all versions of C [-Wstrict-prototypes]
  133 | void Led_Init();
      |              ^
      |               void
D:/embeded/stm32f103c8t6/main_nhung.c(138): warning: no previous prototype for function 'delay' [-Wmissing-prototypes]
  138 | void delay(int time)
      |      ^
D:/embeded/stm32f103c8t6/main_nhung.c(138): note: declare 'static' if the function is not intended to be used outside of this translation unit
  138 | void delay(int time)
      | ^
      | static 
D:/embeded/stm32f103c8t6/main_nhung.c(161): warning: invalid UTF-8 in comment [-Winvalid-utf8]
  161 |         // X? l<FD> d? li?u gia t?c
      |                ^
D:/embeded/stm32f103c8t6/main_nhung.c(144): warning: mixing declarations and code is incompatible with standards before C99 [-Wdeclaration-after-statement]
  144 |     int16_t accelData[3];
      |             ^
D:/embeded/stm32f103c8t6/main_nhung.c(151): warning: variable 'x' set but not used [-Wunused-but-set-variable]
  151 |                 int x, y, z;
      |                     ^
D:/embeded/stm32f103c8t6/main_nhung.c(151): warning: variable 'y' set but not used [-Wunused-but-set-variable]
  151 |                 int x, y, z;
      |                        ^
D:/embeded/stm32f103c8t6/main_nhung.c(151): warning: variable 'z' set but not used [-Wunused-but-set-variable]
  151 |                 int x, y, z;
      |                           ^
D:/embeded/stm32f103c8t6/main_nhung.c(168): warning: implicit conversion changes signedness: 'int' to 'uint32_t' (aka 'unsigned int') [-Wsign-conversion]
  168 |                 GPIOC->ODR &= ~(1 << 13);
      |                            ~~ ^~~~~~~~~~
D:/embeded/stm32f103c8t6/main_nhung.c(164): warning: no previous prototype for function 'Led_Init' [-Wmissing-prototypes]
  164 | void Led_Init(void)
      |      ^
D:/embeded/stm32f103c8t6/main_nhung.c(133): note: this declaration is not a prototype; add 'void' to make it a prototype for a zero-parameter function
  133 | void Led_Init();
      |      ^        
      |               void
D:/embeded/stm32f103c8t6/main_nhung.c(171): warning: invalid UTF-8 in comment [-Winvalid-utf8]
  171 |     // Kh?i t?o c<E1>c ch<E2>n I2C v<E0> thi?t l?p t?c d? I2C
      |                  ^
D:/embeded/stm32f103c8t6/main_nhung.c(171): warning: invalid UTF-8 in comment [-Winvalid-utf8]
  171 |     // Kh?i t?o c<E1>c ch<E2>n I2C v<E0> thi?t l?p t?c d? I2C
      |                          ^
D:/embeded/stm32f103c8t6/main_nhung.c(171): warning: invalid UTF-8 in comment [-Winvalid-utf8]
  171 |     // Kh?i t?o c<E1>c ch<E2>n I2C v<E0> thi?t l?p t?c d? I2C
      |                                     ^
D:/embeded/stm32f103c8t6/main_nhung.c(175): warning: invalid UTF-8 in comment [-Winvalid-utf8]
  175 |     // C?u h<EC>nh PB6 v<E0> PB7 l<E0> ch<E2>n I2C1 SCL v<E0> SDA
      |             ^
D:/embeded/stm32f103c8t6/main_nhung.c(175): warning: invalid UTF-8 in comment [-Winvalid-utf8]
  175 |     // C?u h<EC>nh PB6 v<E0> PB7 l<E0> ch<E2>n I2C1 SCL v<E0> SDA
      |                         ^
D:/embeded/stm32f103c8t6/main_nhung.c(175): warning: invalid UTF-8 in comment [-Winvalid-utf8]
  175 |     // C?u h<EC>nh PB6 v<E0> PB7 l<E0> ch<E2>n I2C1 SCL v<E0> SDA
      |                                   ^
D:/embeded/stm32f103c8t6/main_nhung.c(175): warning: invalid UTF-8 in comment [-Winvalid-utf8]
  175 |     // C?u h<EC>nh PB6 v<E0> PB7 l<E0> ch<E2>n I2C1 SCL v<E0> SDA
      |                                          ^
D:/embeded/stm32f103c8t6/main_nhung.c(175): warning: invalid UTF-8 in comment [-Winvalid-utf8]
  175 |     // C?u h<EC>nh PB6 v<E0> PB7 l<E0> ch<E2>n I2C1 SCL v<E0> SDA
      |                                                          ^
D:/embeded/stm32f103c8t6/main_nhung.c(182): warning: invalid UTF-8 in comment [-Winvalid-utf8]
  182 |     I2C1->CR1 |= I2C_CR1_PE; // K<ED>ch ho?t I2C
      |                                  ^
D:/embeded/stm32f103c8t6/main_nhung.c(187): warning: invalid UTF-8 in comment [-Winvalid-utf8]
  187 |     while (!(I2C1->SR1 & I2C_SR1_SB));  // <D0>?i bit SB du?c set
      |                                            ^
D:/embeded/stm32f103c8t6/main_nhung.c(204): warning: no previous prototype for function 'I2C_Write_Data' [-Wmissing-prototypes]
  204 | void I2C_Write_Data(uint8_t data) {
      |      ^
D:/embeded/stm32f103c8t6/main_nhung.c(204): note: declare 'static' if the function is not intended to be used outside of this translation unit
  204 | void I2C_Write_Data(uint8_t data) {
      | ^
      | static 
D:/embeded/stm32f103c8t6/main_nhung.c(229): warning: implicit conversion loses integer precision: 'volatile uint16_t' (aka 'volatile unsigned short') to 'uint8_t' (aka 'unsigned char') [-Wimplicit-int-conversion]
  229 |     data = I2C1->DR;
      |          ~ ~~~~~~^~
D:/embeded/stm32f103c8t6/main_nhung.c(244): warning: implicit conversion loses integer precision: 'int' to 'int16_t' (aka 'short') [-Wimplicit-int-conversion]
  244 |     accelData[0] = ((int16_t)I2C_Read_Data(MPU6050_ACCEL_XOUT_H) << 8) | I2C_Read_Data(MPU6050_ACCEL_XOUT_L);
      |                  ~ ~~~~~~~~~~~~~~~~~~~~~~~~~~~~~~~~~~~~~~~~~~~~~~~~~~~~^~~~~~~~~~~~~~~~~~~~~~~~~~~~~~~~~~~~~
D:/embeded/stm32f103c8t6/main_nhung.c(245): warning: implicit conversion loses integer precision: 'int' to 'int16_t' (aka 'short') [-Wimplicit-int-conversion]
  245 |     accelData[1] = ((int16_t)I2C_Read_Data(MPU6050_ACCEL_YOUT_H) << 8) | I2C_Read_Data(MPU6050_ACCEL_YOUT_L);
      |                  ~ ~~~~~~~~~~~~~~~~~~~~~~~~~~~~~~~~~~~~~~~~~~~~~~~~~~~~^~~~~~~~~~~~~~~~~~~~~~~~~~~~~~~~~~~~~
D:/embeded/stm32f103c8t6/main_nhung.c(246): warning: implicit conversion loses integer precision: 'int' to 'int16_t' (aka 'short') [-Wimplicit-int-conversion]
  246 |     accelData[2] = ((int16_t)I2C_Read_Data(MPU6050_ACCEL_ZOUT_H) << 8) | I2C_Read_Data(MPU6050_ACCEL_ZOUT_L);
      |                  ~ ~~~~~~~~~~~~~~~~~~~~~~~~~~~~~~~~~~~~~~~~~~~~~~~~~~~~^~~~~~~~~~~~~~~~~~~~~~~~~~~~~~~~~~~~~
D:/embeded/stm32f103c8t6/main_nhung.c(155): warning: unsafe buffer access [-Wunsafe-buffer-usage]
  155 |                                 y = accelData[1];
      |                                     ^~~~~~~~~
D:/embeded/stm32f103c8t6/main_nhung.c(156): warning: unsafe buffer access [-Wunsafe-buffer-usage]
  156 |                                 z = accelData[2];
      |                                     ^~~~~~~~~
D:/embeded/stm32f103c8t6/main_nhung.c(245): warning: unsafe buffer access [-Wunsafe-buffer-usage]
  245 |     accelData[1] = ((int16_t)I2C_Read_Data(MPU6050_ACCEL_YOUT_H) << 8) | I2C_Read_Data(MPU6050_ACCEL_YOUT_L);
      |     ^~~~~~~~~
D:/embeded/stm32f103c8t6/main_nhung.c(246): warning: unsafe buffer access [-Wunsafe-buffer-usage]
  246 |     accelData[2] = ((int16_t)I2C_Read_Data(MPU6050_ACCEL_ZOUT_H) << 8) | I2C_Read_Data(MPU6050_ACCEL_ZOUT_L);
      |     ^~~~~~~~~
32 warnings generated.
compiling main_nhung.c...
linking...
Program Size: Code=1752 RO-data=252 RW-data=0 ZI-data=1632  
".\Objects\BTL_nhung.axf" - 0 Error(s), 37 Warning(s).

<h2>Software Packages used:</h2>

Package Vendor: ARM
                http://www.keil.com/pack/ARM.CMSIS.5.9.0.pack
                ARM::CMSIS@5.9.0
                CMSIS (Common Microcontroller Software Interface Standard)
   * Component: CORE Version: 5.6.0

Package Vendor: Keil
                https://www.keil.com/pack/Keil.STM32F1xx_DFP.2.4.1.pack
                Keil::STM32F1xx_DFP@2.4.1
                STMicroelectronics STM32F1 Series Device Support, Drivers and Examples
   * Component: Startup Version: 1.0.0

<h2>Collection of Component include folders:</h2>
  ./RTE/Device/STM32F103C8
  ./RTE/_Target_1
  C:/Users/FPT/AppData/Local/Arm/Packs/ARM/CMSIS/5.9.0/CMSIS/Core/Include
  C:/Users/FPT/AppData/Local/Arm/Packs/Keil/STM32F1xx_DFP/2.4.1/Device/Include

<h2>Collection of Component Files used:</h2>

   * Component: ARM::CMSIS:CORE@5.6.0

   * Component: Keil::Device:Startup@1.0.0
      Source file:   Device/Source/system_stm32f10x.c
      Source file:   Device/Source/ARM/startup_stm32f10x_md.s
      Include file:  RTE_Driver/Config/RTE_Device.h
      Source file:   Device/Source/ARM/STM32F1xx_OPT.s
Build Time Elapsed:  00:00:01
</pre>
</body>
</html>
