Component: Arm Compiler for Embedded 6.21 Tool: armlink [5ec1fa00]

==============================================================================

Section Cross References

    main_nhung.o(.text.main) refers to main_nhung.o(.text.Initial) for Initial
    main_nhung.o(.text.main) refers to main_nhung.o(.text.Run) for Run
    main_nhung.o(.ARM.exidx.text.main) refers to main_nhung.o(.text.main) for [Anonymous Symbol]
    main_nhung.o(.text.Initial) refers to main_nhung.o(.text.SysClkConf_72MHz) for SysClkConf_72MHz
    main_nhung.o(.text.Initial) refers to main_nhung.o(.text.I2C_Init) for I2C_Init
    main_nhung.o(.text.Initial) refers to main_nhung.o(.text.Led_Init) for Led_Init
    main_nhung.o(.text.Initial) refers to main_nhung.o(.text.LCD_Init) for LCD_Init
    main_nhung.o(.text.Initial) refers to main_nhung.o(.text.MPU6050_Init) for MPU6050_Init
    main_nhung.o(.text.Initial) refers to main_nhung.o(.text.EXTI_Config) for EXTI_Config
    main_nhung.o(.ARM.exidx.text.Initial) refers to main_nhung.o(.text.Initial) for [Anonymous Symbol]
    main_nhung.o(.text.Run) refers to main_nhung.o(.bss.system) for system
    main_nhung.o(.text.Run) refers to main_nhung.o(.text.Delay_ms) for Delay_ms
    main_nhung.o(.text.Run) refers to main_nhung.o(.text.LCD_Send_Command) for LCD_Send_Command
    main_nhung.o(.text.Run) refers to main_nhung.o(.rodata.str1.1) for .L.str
    main_nhung.o(.text.Run) refers to main_nhung.o(.text.LCD_Send_String) for LCD_Send_String
    main_nhung.o(.text.Run) refers to main_nhung.o(.text.MPU6050_Read_Accel) for MPU6050_Read_Accel
    main_nhung.o(.text.Run) refers to main_nhung.o(.text.Detect_Fall) for Detect_Fall
    main_nhung.o(.ARM.exidx.text.Run) refers to main_nhung.o(.text.Run) for [Anonymous Symbol]
    main_nhung.o(.ARM.exidx.text.SysClkConf_72MHz) refers to main_nhung.o(.text.SysClkConf_72MHz) for [Anonymous Symbol]
    main_nhung.o(.ARM.exidx.text.I2C_Init) refers to main_nhung.o(.text.I2C_Init) for [Anonymous Symbol]
    main_nhung.o(.ARM.exidx.text.Led_Init) refers to main_nhung.o(.text.Led_Init) for [Anonymous Symbol]
    main_nhung.o(.text.LCD_Init) refers to main_nhung.o(.text.GPIO_Init_Pin) for GPIO_Init_Pin
    main_nhung.o(.text.LCD_Init) refers to main_nhung.o(.text.Delay_ms) for Delay_ms
    main_nhung.o(.text.LCD_Init) refers to main_nhung.o(.text.LCD_Mode_4bit) for LCD_Mode_4bit
    main_nhung.o(.text.LCD_Init) refers to main_nhung.o(.text.LCD_Send_Command) for LCD_Send_Command
    main_nhung.o(.text.LCD_Init) refers to main_nhung.o(.rodata.str1.1) for .L.str.4
    main_nhung.o(.text.LCD_Init) refers to main_nhung.o(.text.LCD_Send_String) for LCD_Send_String
    main_nhung.o(.ARM.exidx.text.LCD_Init) refers to main_nhung.o(.text.LCD_Init) for [Anonymous Symbol]
    main_nhung.o(.text.MPU6050_Init) refers to main_nhung.o(.text.I2C_Write) for I2C_Write
    main_nhung.o(.ARM.exidx.text.MPU6050_Init) refers to main_nhung.o(.text.MPU6050_Init) for [Anonymous Symbol]
    main_nhung.o(.text.EXTI_Config) refers to main_nhung.o(.text.__NVIC_SetPriority) for __NVIC_SetPriority
    main_nhung.o(.text.EXTI_Config) refers to main_nhung.o(.text.__NVIC_EnableIRQ) for __NVIC_EnableIRQ
    main_nhung.o(.ARM.exidx.text.EXTI_Config) refers to main_nhung.o(.text.EXTI_Config) for [Anonymous Symbol]
    main_nhung.o(.text.Delay_ms) refers to main_nhung.o(.text.Delay_us) for Delay_us
    main_nhung.o(.ARM.exidx.text.Delay_ms) refers to main_nhung.o(.text.Delay_ms) for [Anonymous Symbol]
    main_nhung.o(.text.LCD_Send_Command) refers to main_nhung.o(.text.LCD_Mode_4bit) for LCD_Mode_4bit
    main_nhung.o(.ARM.exidx.text.LCD_Send_Command) refers to main_nhung.o(.text.LCD_Send_Command) for [Anonymous Symbol]
    main_nhung.o(.text.LCD_Send_String) refers to main_nhung.o(.text.LCD_Send_Data) for LCD_Send_Data
    main_nhung.o(.ARM.exidx.text.LCD_Send_String) refers to main_nhung.o(.text.LCD_Send_String) for [Anonymous Symbol]
    main_nhung.o(.text.MPU6050_Read_Accel) refers to main_nhung.o(.text.I2C_Read_Data) for I2C_Read_Data
    main_nhung.o(.ARM.exidx.text.MPU6050_Read_Accel) refers to main_nhung.o(.text.MPU6050_Read_Accel) for [Anonymous Symbol]
    main_nhung.o(.text.Detect_Fall) refers to main_nhung.o(.text.Calculate_Magnitude) for Calculate_Magnitude
    main_nhung.o(.text.Detect_Fall) refers to f2d.o(x$fpl$f2d) for __aeabi_f2d
    main_nhung.o(.text.Detect_Fall) refers to main_nhung.o(.data.G) for G
    main_nhung.o(.text.Detect_Fall) refers to daddsub_clz.o(x$fpl$dadd) for __aeabi_dadd
    main_nhung.o(.text.Detect_Fall) refers to dcmp.o(x$fpl$fcmp) for __aeabi_dcmple
    main_nhung.o(.ARM.exidx.text.Detect_Fall) refers to main_nhung.o(.text.Detect_Fall) for [Anonymous Symbol]
    main_nhung.o(.ARM.exidx.text.I2C_Start) refers to main_nhung.o(.text.I2C_Start) for [Anonymous Symbol]
    main_nhung.o(.ARM.exidx.text.I2C_Stop) refers to main_nhung.o(.text.I2C_Stop) for [Anonymous Symbol]
    main_nhung.o(.ARM.exidx.text.I2C_Write_Addr) refers to main_nhung.o(.text.I2C_Write_Addr) for [Anonymous Symbol]
    main_nhung.o(.ARM.exidx.text.I2C_Write_Addr_Reg) refers to main_nhung.o(.text.I2C_Write_Addr_Reg) for [Anonymous Symbol]
    main_nhung.o(.ARM.exidx.text.I2C_Write_Data) refers to main_nhung.o(.text.I2C_Write_Data) for [Anonymous Symbol]
    main_nhung.o(.text.I2C_Write) refers to main_nhung.o(.text.I2C_Start) for I2C_Start
    main_nhung.o(.text.I2C_Write) refers to main_nhung.o(.text.I2C_Write_Addr) for I2C_Write_Addr
    main_nhung.o(.text.I2C_Write) refers to main_nhung.o(.text.I2C_Write_Addr_Reg) for I2C_Write_Addr_Reg
    main_nhung.o(.text.I2C_Write) refers to main_nhung.o(.text.I2C_Write_Data) for I2C_Write_Data
    main_nhung.o(.text.I2C_Write) refers to main_nhung.o(.text.I2C_Stop) for I2C_Stop
    main_nhung.o(.ARM.exidx.text.I2C_Write) refers to main_nhung.o(.text.I2C_Write) for [Anonymous Symbol]
    main_nhung.o(.text.I2C_Read_Data) refers to main_nhung.o(.text.I2C_Start) for I2C_Start
    main_nhung.o(.text.I2C_Read_Data) refers to main_nhung.o(.text.I2C_Write_Addr) for I2C_Write_Addr
    main_nhung.o(.text.I2C_Read_Data) refers to main_nhung.o(.text.I2C_Write_Addr_Reg) for I2C_Write_Addr_Reg
    main_nhung.o(.ARM.exidx.text.I2C_Read_Data) refers to main_nhung.o(.text.I2C_Read_Data) for [Anonymous Symbol]
    main_nhung.o(.ARM.exidx.text.Delay_Ms) refers to main_nhung.o(.text.Delay_Ms) for [Anonymous Symbol]
    main_nhung.o(.text.Calculate_Magnitude) refers to fflt_clz.o(x$fpl$fflt) for __aeabi_i2f
    main_nhung.o(.text.Calculate_Magnitude) refers to main_nhung.o(.data.Sensitivity) for Sensitivity
    main_nhung.o(.text.Calculate_Magnitude) refers to fdiv.o(x$fpl$fdiv) for __aeabi_fdiv
    main_nhung.o(.text.Calculate_Magnitude) refers to main_nhung.o(.data.G) for G
    main_nhung.o(.text.Calculate_Magnitude) refers to fmul.o(x$fpl$fmul) for __aeabi_fmul
    main_nhung.o(.text.Calculate_Magnitude) refers to faddsub_clz.o(x$fpl$fadd) for __aeabi_fadd
    main_nhung.o(.text.Calculate_Magnitude) refers to f2d.o(x$fpl$f2d) for __aeabi_f2d
    main_nhung.o(.text.Calculate_Magnitude) refers to sqrt.o(i.sqrt) for sqrt
    main_nhung.o(.text.Calculate_Magnitude) refers to d2f.o(x$fpl$d2f) for __aeabi_d2f
    main_nhung.o(.ARM.exidx.text.Calculate_Magnitude) refers to main_nhung.o(.text.Calculate_Magnitude) for [Anonymous Symbol]
    main_nhung.o(.ARM.exidx.text.__NVIC_SetPriority) refers to main_nhung.o(.text.__NVIC_SetPriority) for [Anonymous Symbol]
    main_nhung.o(.ARM.exidx.text.__NVIC_EnableIRQ) refers to main_nhung.o(.text.__NVIC_EnableIRQ) for [Anonymous Symbol]
    main_nhung.o(.text.EXTI1_IRQHandler) refers to main_nhung.o(.bss.system) for system
    main_nhung.o(.text.EXTI1_IRQHandler) refers to main_nhung.o(.text.LCD_Send_Command) for LCD_Send_Command
    main_nhung.o(.text.EXTI1_IRQHandler) refers to main_nhung.o(.rodata.str1.1) for .L.str.2
    main_nhung.o(.text.EXTI1_IRQHandler) refers to main_nhung.o(.text.LCD_Send_String) for LCD_Send_String
    main_nhung.o(.ARM.exidx.text.EXTI1_IRQHandler) refers to main_nhung.o(.text.EXTI1_IRQHandler) for [Anonymous Symbol]
    main_nhung.o(.ARM.exidx.text.GPIO_Init_Pin) refers to main_nhung.o(.text.GPIO_Init_Pin) for [Anonymous Symbol]
    main_nhung.o(.text.LCD_Mode_4bit) refers to main_nhung.o(.text.LCD_Enable) for LCD_Enable
    main_nhung.o(.ARM.exidx.text.LCD_Mode_4bit) refers to main_nhung.o(.text.LCD_Mode_4bit) for [Anonymous Symbol]
    main_nhung.o(.text.LCD_Enable) refers to main_nhung.o(.text.Delay_ms) for Delay_ms
    main_nhung.o(.ARM.exidx.text.LCD_Enable) refers to main_nhung.o(.text.LCD_Enable) for [Anonymous Symbol]
    main_nhung.o(.text.LCD_Send_Data) refers to main_nhung.o(.text.LCD_Mode_4bit) for LCD_Mode_4bit
    main_nhung.o(.ARM.exidx.text.LCD_Send_Data) refers to main_nhung.o(.text.LCD_Send_Data) for [Anonymous Symbol]
    main_nhung.o(.ARM.exidx.text.Delay_us) refers to main_nhung.o(.text.Delay_us) for [Anonymous Symbol]
    startup_stm32f10x_md.o(STACK) refers (Special) to heapauxi.o(.text) for __use_two_region_memory
    startup_stm32f10x_md.o(HEAP) refers (Special) to heapauxi.o(.text) for __use_two_region_memory
    startup_stm32f10x_md.o(RESET) refers (Special) to heapauxi.o(.text) for __use_two_region_memory
    startup_stm32f10x_md.o(RESET) refers to startup_stm32f10x_md.o(STACK) for __initial_sp
    startup_stm32f10x_md.o(RESET) refers to startup_stm32f10x_md.o(.text) for Reset_Handler
    startup_stm32f10x_md.o(RESET) refers to main_nhung.o(.text.EXTI1_IRQHandler) for EXTI1_IRQHandler
    startup_stm32f10x_md.o(.text) refers (Special) to heapauxi.o(.text) for __use_two_region_memory
    startup_stm32f10x_md.o(.text) refers to system_stm32f10x.o(.text.SystemInit) for SystemInit
    startup_stm32f10x_md.o(.text) refers to __main.o(!!!main) for __main
    startup_stm32f10x_md.o(.text) refers to startup_stm32f10x_md.o(HEAP) for Heap_Mem
    startup_stm32f10x_md.o(.text) refers to startup_stm32f10x_md.o(STACK) for Stack_Mem
    system_stm32f10x.o(.text.SystemInit) refers to system_stm32f10x.o(.text.SetSysClock) for SetSysClock
    system_stm32f10x.o(.ARM.exidx.text.SystemInit) refers to system_stm32f10x.o(.text.SystemInit) for [Anonymous Symbol]
    system_stm32f10x.o(.text.SetSysClock) refers to system_stm32f10x.o(.text.SetSysClockTo72) for SetSysClockTo72
    system_stm32f10x.o(.ARM.exidx.text.SetSysClock) refers to system_stm32f10x.o(.text.SetSysClock) for [Anonymous Symbol]
    system_stm32f10x.o(.text.SystemCoreClockUpdate) refers to system_stm32f10x.o(.data.SystemCoreClock) for SystemCoreClock
    system_stm32f10x.o(.text.SystemCoreClockUpdate) refers to system_stm32f10x.o(.rodata.AHBPrescTable) for AHBPrescTable
    system_stm32f10x.o(.ARM.exidx.text.SystemCoreClockUpdate) refers to system_stm32f10x.o(.text.SystemCoreClockUpdate) for [Anonymous Symbol]
    system_stm32f10x.o(.ARM.exidx.text.SetSysClockTo72) refers to system_stm32f10x.o(.text.SetSysClockTo72) for [Anonymous Symbol]
    __main.o(!!!main) refers to __rtentry.o(.ARM.Collect$$rtentry$$00000000) for __rt_entry
    d2f.o(x$fpl$d2f) refers (Special) to usenofp.o(x$fpl$usenofp) for __I$use$fp
    d2f.o(x$fpl$d2f) refers to fretinf.o(x$fpl$fretinf) for __fpl_fretinf
    d2f.o(x$fpl$d2f) refers to dnaninf.o(x$fpl$dnaninf) for __fpl_dnaninf
    daddsub_clz.o(x$fpl$dadd) refers (Special) to usenofp.o(x$fpl$usenofp) for __I$use$fp
    daddsub_clz.o(x$fpl$dadd) refers to daddsub_clz.o(x$fpl$dsub) for _dsub1
    daddsub_clz.o(x$fpl$dadd) refers to dretinf.o(x$fpl$dretinf) for __fpl_dretinf
    daddsub_clz.o(x$fpl$dadd) refers to dnaninf.o(x$fpl$dnaninf) for __fpl_dnaninf
    daddsub_clz.o(x$fpl$drsb) refers (Special) to usenofp.o(x$fpl$usenofp) for __I$use$fp
    daddsub_clz.o(x$fpl$drsb) refers to daddsub_clz.o(x$fpl$dadd) for _dadd1
    daddsub_clz.o(x$fpl$drsb) refers to daddsub_clz.o(x$fpl$dsub) for _dsub1
    daddsub_clz.o(x$fpl$dsub) refers (Special) to usenofp.o(x$fpl$usenofp) for __I$use$fp
    daddsub_clz.o(x$fpl$dsub) refers to daddsub_clz.o(x$fpl$dadd) for _dadd1
    daddsub_clz.o(x$fpl$dsub) refers to dnaninf.o(x$fpl$dnaninf) for __fpl_dnaninf
    dcmp.o(x$fpl$fcmp) refers (Special) to usenofp.o(x$fpl$usenofp) for __I$use$fp
    dcmp.o(x$fpl$fcmp) refers to deqf.o(x$fpl$deqf) for _dcmpeq
    dcmp.o(x$fpl$fcmp) refers to dgeqf.o(x$fpl$dgeqf) for _dcmpge
    dcmp.o(x$fpl$fcmp) refers to dleqf.o(x$fpl$dleqf) for _dcmple
    f2d.o(x$fpl$f2d) refers (Special) to usenofp.o(x$fpl$usenofp) for __I$use$fp
    f2d.o(x$fpl$f2d) refers to fnaninf.o(x$fpl$fnaninf) for __fpl_fnaninf
    f2d.o(x$fpl$f2d) refers to dretinf.o(x$fpl$dretinf) for __fpl_dretinf
    faddsub_clz.o(x$fpl$fadd) refers (Special) to usenofp.o(x$fpl$usenofp) for __I$use$fp
    faddsub_clz.o(x$fpl$fadd) refers to faddsub_clz.o(x$fpl$fsub) for _fsub1
    faddsub_clz.o(x$fpl$fadd) refers to fretinf.o(x$fpl$fretinf) for __fpl_fretinf
    faddsub_clz.o(x$fpl$fadd) refers to fnaninf.o(x$fpl$fnaninf) for __fpl_fnaninf
    faddsub_clz.o(x$fpl$frsb) refers (Special) to usenofp.o(x$fpl$usenofp) for __I$use$fp
    faddsub_clz.o(x$fpl$frsb) refers to faddsub_clz.o(x$fpl$fadd) for _fadd1
    faddsub_clz.o(x$fpl$frsb) refers to faddsub_clz.o(x$fpl$fsub) for _fsub1
    faddsub_clz.o(x$fpl$fsub) refers (Special) to usenofp.o(x$fpl$usenofp) for __I$use$fp
    faddsub_clz.o(x$fpl$fsub) refers to faddsub_clz.o(x$fpl$fadd) for _fadd1
    faddsub_clz.o(x$fpl$fsub) refers to fnaninf.o(x$fpl$fnaninf) for __fpl_fnaninf
    fdiv.o(x$fpl$frdiv) refers (Special) to usenofp.o(x$fpl$usenofp) for __I$use$fp
    fdiv.o(x$fpl$frdiv) refers to fdiv.o(x$fpl$fdiv) for _fdiv1
    fdiv.o(x$fpl$fdiv) refers (Special) to usenofp.o(x$fpl$usenofp) for __I$use$fp
    fdiv.o(x$fpl$fdiv) refers to fretinf.o(x$fpl$fretinf) for __fpl_fretinf
    fdiv.o(x$fpl$fdiv) refers to fnaninf.o(x$fpl$fnaninf) for __fpl_fnaninf
    fflt_clz.o(x$fpl$ffltu) refers (Special) to usenofp.o(x$fpl$usenofp) for __I$use$fp
    fflt_clz.o(x$fpl$fflt) refers (Special) to usenofp.o(x$fpl$usenofp) for __I$use$fp
    fflt_clz.o(x$fpl$ffltn) refers (Special) to usenofp.o(x$fpl$usenofp) for __I$use$fp
    fmul.o(x$fpl$fmul) refers (Special) to usenofp.o(x$fpl$usenofp) for __I$use$fp
    fmul.o(x$fpl$fmul) refers to fretinf.o(x$fpl$fretinf) for __fpl_fretinf
    fmul.o(x$fpl$fmul) refers to fnaninf.o(x$fpl$fnaninf) for __fpl_fnaninf
    sqrt.o(i.__softfp_sqrt) refers (Special) to usenofp.o(x$fpl$usenofp) for __I$use$fp
    sqrt.o(i.__softfp_sqrt) refers to dsqrt_noumaal.o(x$fpl$dsqrt) for _dsqrt
    sqrt.o(i.__softfp_sqrt) refers to _rserrno.o(.text) for __set_errno
    sqrt.o(i.sqrt) refers (Special) to usenofp.o(x$fpl$usenofp) for __I$use$fp
    sqrt.o(i.sqrt) refers to dsqrt_noumaal.o(x$fpl$dsqrt) for _dsqrt
    sqrt.o(i.sqrt) refers to _rserrno.o(.text) for __set_errno
    __rtentry.o(.ARM.Collect$$rtentry$$00000000) refers (Special) to __rtentry2.o(.ARM.Collect$$rtentry$$0000000A) for __rt_entry_li
    __rtentry.o(.ARM.Collect$$rtentry$$00000000) refers (Special) to __rtentry2.o(.ARM.Collect$$rtentry$$0000000D) for __rt_entry_main
    __rtentry.o(.ARM.Collect$$rtentry$$00000000) refers (Special) to __rtentry2.o(.ARM.Collect$$rtentry$$0000000C) for __rt_entry_postli_1
    __rtentry.o(.ARM.Collect$$rtentry$$00000000) refers (Special) to __rtentry2.o(.ARM.Collect$$rtentry$$00000009) for __rt_entry_postsh_1
    __rtentry.o(.ARM.Collect$$rtentry$$00000000) refers (Special) to __rtentry2.o(.ARM.Collect$$rtentry$$00000002) for __rt_entry_presh_1
    __rtentry.o(.ARM.Collect$$rtentry$$00000000) refers (Special) to __rtentry4.o(.ARM.Collect$$rtentry$$00000004) for __rt_entry_sh
    _rserrno.o(.text) refers to rt_errno_addr_intlibspace.o(.text) for __aeabi_errno_addr
    deqf.o(x$fpl$deqf) refers (Special) to usenofp.o(x$fpl$usenofp) for __I$use$fp
    deqf.o(x$fpl$deqf) refers to dnaninf.o(x$fpl$dnaninf) for __fpl_dnaninf
    deqf.o(x$fpl$deqf) refers to dcmpi.o(x$fpl$dcmpinf) for __fpl_dcmp_Inf
    dgeqf.o(x$fpl$dgeqf) refers (Special) to usenofp.o(x$fpl$usenofp) for __I$use$fp
    dgeqf.o(x$fpl$dgeqf) refers to dnaninf.o(x$fpl$dnaninf) for __fpl_dnaninf
    dgeqf.o(x$fpl$dgeqf) refers to dcmpi.o(x$fpl$dcmpinf) for __fpl_dcmp_Inf
    dleqf.o(x$fpl$dleqf) refers (Special) to usenofp.o(x$fpl$usenofp) for __I$use$fp
    dleqf.o(x$fpl$dleqf) refers to dnaninf.o(x$fpl$dnaninf) for __fpl_dnaninf
    dleqf.o(x$fpl$dleqf) refers to dcmpi.o(x$fpl$dcmpinf) for __fpl_dcmp_Inf
    dnaninf.o(x$fpl$dnaninf) refers (Special) to usenofp.o(x$fpl$usenofp) for __I$use$fp
    dretinf.o(x$fpl$dretinf) refers (Special) to usenofp.o(x$fpl$usenofp) for __I$use$fp
    dsqrt_noumaal.o(x$fpl$dsqrt) refers (Special) to usenofp.o(x$fpl$usenofp) for __I$use$fp
    dsqrt_noumaal.o(x$fpl$dsqrt) refers to dnaninf.o(x$fpl$dnaninf) for __fpl_dnaninf
    fnaninf.o(x$fpl$fnaninf) refers (Special) to usenofp.o(x$fpl$usenofp) for __I$use$fp
    fretinf.o(x$fpl$fretinf) refers (Special) to usenofp.o(x$fpl$usenofp) for __I$use$fp
    __rtentry2.o(.ARM.Collect$$rtentry$$00000008) refers to boardinit2.o(.text) for _platform_post_stackheap_init
    __rtentry2.o(.ARM.Collect$$rtentry$$0000000A) refers to libinit.o(.ARM.Collect$$libinit$$00000000) for __rt_lib_init
    __rtentry2.o(.ARM.Collect$$rtentry$$0000000B) refers to boardinit3.o(.text) for _platform_post_lib_init
    __rtentry2.o(.ARM.Collect$$rtentry$$0000000D) refers to main_nhung.o(.text.main) for main
    __rtentry2.o(.ARM.Collect$$rtentry$$0000000D) refers to exit.o(.text) for exit
    __rtentry2.o(.ARM.exidx) refers to __rtentry2.o(.ARM.Collect$$rtentry$$00000001) for .ARM.Collect$$rtentry$$00000001
    __rtentry2.o(.ARM.exidx) refers to __rtentry2.o(.ARM.Collect$$rtentry$$00000008) for .ARM.Collect$$rtentry$$00000008
    __rtentry2.o(.ARM.exidx) refers to __rtentry2.o(.ARM.Collect$$rtentry$$0000000A) for .ARM.Collect$$rtentry$$0000000A
    __rtentry2.o(.ARM.exidx) refers to __rtentry2.o(.ARM.Collect$$rtentry$$0000000B) for .ARM.Collect$$rtentry$$0000000B
    __rtentry2.o(.ARM.exidx) refers to __rtentry2.o(.ARM.Collect$$rtentry$$0000000D) for .ARM.Collect$$rtentry$$0000000D
    __rtentry4.o(.ARM.Collect$$rtentry$$00000004) refers to sys_stackheap_outer.o(.text) for __user_setup_stackheap
    __rtentry4.o(.ARM.exidx) refers to __rtentry4.o(.ARM.Collect$$rtentry$$00000004) for .ARM.Collect$$rtentry$$00000004
    rt_errno_addr.o(.text) refers to rt_errno_addr.o(.bss) for __aeabi_errno_addr_data
    rt_errno_addr_intlibspace.o(.text) refers to libspace.o(.bss) for __libspace_start
    dcmpi.o(x$fpl$dcmpinf) refers (Special) to usenofp.o(x$fpl$usenofp) for __I$use$fp
    libspace.o(.text) refers to libspace.o(.bss) for __libspace_start
    sys_stackheap_outer.o(.text) refers to libspace.o(.text) for __user_perproc_libspace
    sys_stackheap_outer.o(.text) refers to startup_stm32f10x_md.o(.text) for __user_initial_stackheap
    exit.o(.text) refers to rtexit.o(.ARM.Collect$$rtexit$$00000000) for __rt_exit
    libinit.o(.ARM.Collect$$libinit$$00000000) refers (Special) to libinit2.o(.ARM.Collect$$libinit$$00000030) for __rt_lib_init_alloca_1
    libinit.o(.ARM.Collect$$libinit$$00000000) refers (Special) to libinit2.o(.ARM.Collect$$libinit$$0000002E) for __rt_lib_init_argv_1
    libinit.o(.ARM.Collect$$libinit$$00000000) refers (Special) to libinit2.o(.ARM.Collect$$libinit$$0000001D) for __rt_lib_init_atexit_1
    libinit.o(.ARM.Collect$$libinit$$00000000) refers (Special) to libinit2.o(.ARM.Collect$$libinit$$00000023) for __rt_lib_init_clock_1
    libinit.o(.ARM.Collect$$libinit$$00000000) refers (Special) to libinit2.o(.ARM.Collect$$libinit$$00000034) for __rt_lib_init_cpp_1
    libinit.o(.ARM.Collect$$libinit$$00000000) refers (Special) to libinit2.o(.ARM.Collect$$libinit$$00000032) for __rt_lib_init_exceptions_1
    libinit.o(.ARM.Collect$$libinit$$00000000) refers (Special) to libinit2.o(.ARM.Collect$$libinit$$00000002) for __rt_lib_init_fp_1
    libinit.o(.ARM.Collect$$libinit$$00000000) refers (Special) to libinit2.o(.ARM.Collect$$libinit$$00000021) for __rt_lib_init_fp_trap_1
    libinit.o(.ARM.Collect$$libinit$$00000000) refers (Special) to libinit2.o(.ARM.Collect$$libinit$$00000025) for __rt_lib_init_getenv_1
    libinit.o(.ARM.Collect$$libinit$$00000000) refers (Special) to libinit2.o(.ARM.Collect$$libinit$$0000000C) for __rt_lib_init_heap_1
    libinit.o(.ARM.Collect$$libinit$$00000000) refers (Special) to libinit2.o(.ARM.Collect$$libinit$$00000013) for __rt_lib_init_lc_collate_1
    libinit.o(.ARM.Collect$$libinit$$00000000) refers (Special) to libinit2.o(.ARM.Collect$$libinit$$00000015) for __rt_lib_init_lc_ctype_1
    libinit.o(.ARM.Collect$$libinit$$00000000) refers (Special) to libinit2.o(.ARM.Collect$$libinit$$00000017) for __rt_lib_init_lc_monetary_1
    libinit.o(.ARM.Collect$$libinit$$00000000) refers (Special) to libinit2.o(.ARM.Collect$$libinit$$00000019) for __rt_lib_init_lc_numeric_1
    libinit.o(.ARM.Collect$$libinit$$00000000) refers (Special) to libinit2.o(.ARM.Collect$$libinit$$0000001B) for __rt_lib_init_lc_time_1
    libinit.o(.ARM.Collect$$libinit$$00000000) refers (Special) to libinit2.o(.ARM.Collect$$libinit$$00000006) for __rt_lib_init_preinit_1
    libinit.o(.ARM.Collect$$libinit$$00000000) refers (Special) to libinit2.o(.ARM.Collect$$libinit$$00000010) for __rt_lib_init_rand_1
    libinit.o(.ARM.Collect$$libinit$$00000000) refers (Special) to libinit2.o(.ARM.Collect$$libinit$$00000004) for __rt_lib_init_relocate_pie_1
    libinit.o(.ARM.Collect$$libinit$$00000000) refers (Special) to libinit2.o(.ARM.Collect$$libinit$$00000035) for __rt_lib_init_return
    libinit.o(.ARM.Collect$$libinit$$00000000) refers (Special) to libinit2.o(.ARM.Collect$$libinit$$0000001F) for __rt_lib_init_signal_1
    libinit.o(.ARM.Collect$$libinit$$00000000) refers (Special) to libinit2.o(.ARM.Collect$$libinit$$00000027) for __rt_lib_init_stdio_1
    libinit.o(.ARM.Collect$$libinit$$00000000) refers (Special) to libinit2.o(.ARM.Collect$$libinit$$0000000E) for __rt_lib_init_user_alloc_1
    rtexit.o(.ARM.Collect$$rtexit$$00000000) refers (Special) to rtexit2.o(.ARM.Collect$$rtexit$$00000004) for __rt_exit_exit
    rtexit.o(.ARM.Collect$$rtexit$$00000000) refers (Special) to rtexit2.o(.ARM.Collect$$rtexit$$00000003) for __rt_exit_ls
    rtexit.o(.ARM.Collect$$rtexit$$00000000) refers (Special) to rtexit2.o(.ARM.Collect$$rtexit$$00000002) for __rt_exit_prels_1
    rtexit.o(.ARM.exidx) refers (Special) to rtexit2.o(.ARM.Collect$$rtexit$$00000004) for __rt_exit_exit
    rtexit.o(.ARM.exidx) refers (Special) to rtexit2.o(.ARM.Collect$$rtexit$$00000003) for __rt_exit_ls
    rtexit.o(.ARM.exidx) refers (Special) to rtexit2.o(.ARM.Collect$$rtexit$$00000002) for __rt_exit_prels_1
    rtexit.o(.ARM.exidx) refers to rtexit.o(.ARM.Collect$$rtexit$$00000000) for .ARM.Collect$$rtexit$$00000000
    libinit2.o(.ARM.Collect$$libinit$$00000012) refers to libinit2.o(.ARM.Collect$$libinit$$00000011) for .ARM.Collect$$libinit$$00000011
    libinit2.o(.ARM.Collect$$libinit$$00000014) refers to libinit2.o(.ARM.Collect$$libinit$$00000011) for .ARM.Collect$$libinit$$00000011
    libinit2.o(.ARM.Collect$$libinit$$00000016) refers to libinit2.o(.ARM.Collect$$libinit$$00000011) for .ARM.Collect$$libinit$$00000011
    libinit2.o(.ARM.Collect$$libinit$$00000018) refers to libinit2.o(.ARM.Collect$$libinit$$00000011) for .ARM.Collect$$libinit$$00000011
    libinit2.o(.ARM.Collect$$libinit$$0000001A) refers to libinit2.o(.ARM.Collect$$libinit$$00000011) for .ARM.Collect$$libinit$$00000011
    libinit2.o(.ARM.Collect$$libinit$$00000028) refers to argv_veneer.o(.emb_text) for __ARM_argv_veneer
    libinit2.o(.ARM.Collect$$libinit$$00000029) refers to argv_veneer.o(.emb_text) for __ARM_argv_veneer
    rtexit2.o(.ARM.Collect$$rtexit$$00000003) refers to libshutdown.o(.ARM.Collect$$libshutdown$$00000000) for __rt_lib_shutdown
    rtexit2.o(.ARM.Collect$$rtexit$$00000004) refers to sys_exit.o(.text) for _sys_exit
    rtexit2.o(.ARM.exidx) refers to rtexit2.o(.ARM.Collect$$rtexit$$00000001) for .ARM.Collect$$rtexit$$00000001
    rtexit2.o(.ARM.exidx) refers to rtexit2.o(.ARM.Collect$$rtexit$$00000003) for .ARM.Collect$$rtexit$$00000003
    rtexit2.o(.ARM.exidx) refers to rtexit2.o(.ARM.Collect$$rtexit$$00000004) for .ARM.Collect$$rtexit$$00000004
    argv_veneer.o(.emb_text) refers to no_argv.o(.text) for __ARM_get_argv
    sys_exit.o(.text) refers (Special) to use_no_semi.o(.text) for __I$use$semihosting
    sys_exit.o(.text) refers (Special) to indicate_semi.o(.text) for __semihosting_library_function
    sys_exit_hlt.o(.text) refers (Special) to use_no_semi.o(.text) for __I$use$semihosting
    sys_exit_hlt.o(.text) refers (Special) to indicate_semi.o(.text) for __semihosting_library_function
    _get_argv_nomalloc.o(.text) refers (Special) to hrguard.o(.text) for __heap_region$guard
    _get_argv_nomalloc.o(.text) refers to defsig_rtmem_outer.o(.text) for __rt_SIGRTMEM
    _get_argv_nomalloc.o(.text) refers to sys_command.o(.text) for _sys_command_string
    libshutdown.o(.ARM.Collect$$libshutdown$$00000000) refers (Special) to libshutdown2.o(.ARM.Collect$$libshutdown$$00000002) for __rt_lib_shutdown_cpp_1
    libshutdown.o(.ARM.Collect$$libshutdown$$00000000) refers (Special) to libshutdown2.o(.ARM.Collect$$libshutdown$$00000007) for __rt_lib_shutdown_fp_trap_1
    libshutdown.o(.ARM.Collect$$libshutdown$$00000000) refers (Special) to libshutdown2.o(.ARM.Collect$$libshutdown$$0000000F) for __rt_lib_shutdown_heap_1
    libshutdown.o(.ARM.Collect$$libshutdown$$00000000) refers (Special) to libshutdown2.o(.ARM.Collect$$libshutdown$$00000010) for __rt_lib_shutdown_return
    libshutdown.o(.ARM.Collect$$libshutdown$$00000000) refers (Special) to libshutdown2.o(.ARM.Collect$$libshutdown$$0000000A) for __rt_lib_shutdown_signal_1
    libshutdown.o(.ARM.Collect$$libshutdown$$00000000) refers (Special) to libshutdown2.o(.ARM.Collect$$libshutdown$$00000004) for __rt_lib_shutdown_stdio_1
    libshutdown.o(.ARM.Collect$$libshutdown$$00000000) refers (Special) to libshutdown2.o(.ARM.Collect$$libshutdown$$0000000C) for __rt_lib_shutdown_user_alloc_1
    sys_command.o(.text) refers (Special) to use_no_semi.o(.text) for __I$use$semihosting
    sys_command.o(.text) refers (Special) to indicate_semi.o(.text) for __semihosting_library_function
    sys_command_hlt.o(.text) refers (Special) to use_no_semi.o(.text) for __I$use$semihosting
    sys_command_hlt.o(.text) refers (Special) to indicate_semi.o(.text) for __semihosting_library_function
    defsig_rtmem_outer.o(.text) refers to defsig_rtmem_inner.o(.text) for __rt_SIGRTMEM_inner
    defsig_rtmem_outer.o(.text) refers to defsig_exit.o(.text) for __sig_exit
    defsig_rtmem_formal.o(.text) refers to rt_raise.o(.text) for __rt_raise
    rt_raise.o(.text) refers to __raise.o(.text) for __raise
    rt_raise.o(.text) refers to sys_exit.o(.text) for _sys_exit
    defsig_exit.o(.text) refers to sys_exit.o(.text) for _sys_exit
    defsig_rtmem_inner.o(.text) refers to defsig_general.o(.text) for __default_signal_display
    __raise.o(.text) refers to defsig.o(CL$$defsig) for __default_signal_handler
    defsig_general.o(.text) refers to sys_wrch.o(.text) for _ttywrch
    sys_wrch.o(.text) refers (Special) to use_no_semi.o(.text) for __I$use$semihosting
    sys_wrch.o(.text) refers (Special) to indicate_semi.o(.text) for __semihosting_library_function
    sys_wrch_hlt.o(.text) refers (Special) to use_no_semi.o(.text) for __I$use$semihosting
    sys_wrch_hlt.o(.text) refers (Special) to indicate_semi.o(.text) for __semihosting_library_function
    defsig.o(CL$$defsig) refers to defsig_rtmem_inner.o(.text) for __rt_SIGRTMEM_inner
    defsig_abrt_inner.o(.text) refers to defsig_general.o(.text) for __default_signal_display
    defsig_fpe_inner.o(.text) refers to defsig_general.o(.text) for __default_signal_display
    defsig_rtred_inner.o(.text) refers to defsig_general.o(.text) for __default_signal_display
    defsig_stak_inner.o(.text) refers to defsig_general.o(.text) for __default_signal_display
    defsig_pvfn_inner.o(.text) refers to defsig_general.o(.text) for __default_signal_display
    defsig_cppl_inner.o(.text) refers to defsig_general.o(.text) for __default_signal_display
    defsig_segv_inner.o(.text) refers to defsig_general.o(.text) for __default_signal_display
    defsig_other.o(.text) refers to defsig_general.o(.text) for __default_signal_display


==============================================================================

Removing Unused input sections from the image.

    Removing main_nhung.o(.text), (0 bytes).
    Removing main_nhung.o(.ARM.exidx.text.main), (8 bytes).
    Removing main_nhung.o(.ARM.exidx.text.Initial), (8 bytes).
    Removing main_nhung.o(.ARM.exidx.text.Run), (8 bytes).
    Removing main_nhung.o(.ARM.exidx.text.SysClkConf_72MHz), (8 bytes).
    Removing main_nhung.o(.ARM.exidx.text.I2C_Init), (8 bytes).
    Removing main_nhung.o(.ARM.exidx.text.Led_Init), (8 bytes).
    Removing main_nhung.o(.ARM.exidx.text.LCD_Init), (8 bytes).
    Removing main_nhung.o(.ARM.exidx.text.MPU6050_Init), (8 bytes).
    Removing main_nhung.o(.ARM.exidx.text.EXTI_Config), (8 bytes).
    Removing main_nhung.o(.ARM.exidx.text.Delay_ms), (8 bytes).
    Removing main_nhung.o(.ARM.exidx.text.LCD_Send_Command), (8 bytes).
    Removing main_nhung.o(.ARM.exidx.text.LCD_Send_String), (8 bytes).
    Removing main_nhung.o(.ARM.exidx.text.MPU6050_Read_Accel), (8 bytes).
    Removing main_nhung.o(.ARM.exidx.text.Detect_Fall), (8 bytes).
    Removing main_nhung.o(.ARM.exidx.text.I2C_Start), (8 bytes).
    Removing main_nhung.o(.ARM.exidx.text.I2C_Stop), (8 bytes).
    Removing main_nhung.o(.ARM.exidx.text.I2C_Write_Addr), (8 bytes).
    Removing main_nhung.o(.ARM.exidx.text.I2C_Write_Addr_Reg), (8 bytes).
    Removing main_nhung.o(.ARM.exidx.text.I2C_Write_Data), (8 bytes).
    Removing main_nhung.o(.ARM.exidx.text.I2C_Write), (8 bytes).
    Removing main_nhung.o(.ARM.exidx.text.I2C_Read_Data), (8 bytes).
    Removing main_nhung.o(.text.Delay_Ms), (118 bytes).
    Removing main_nhung.o(.ARM.exidx.text.Delay_Ms), (8 bytes).
    Removing main_nhung.o(.ARM.exidx.text.Calculate_Magnitude), (8 bytes).
    Removing main_nhung.o(.ARM.exidx.text.__NVIC_SetPriority), (8 bytes).
    Removing main_nhung.o(.ARM.exidx.text.__NVIC_EnableIRQ), (8 bytes).
    Removing main_nhung.o(.ARM.exidx.text.EXTI1_IRQHandler), (8 bytes).
    Removing main_nhung.o(.ARM.exidx.text.GPIO_Init_Pin), (8 bytes).
    Removing main_nhung.o(.ARM.exidx.text.LCD_Mode_4bit), (8 bytes).
    Removing main_nhung.o(.ARM.exidx.text.LCD_Enable), (8 bytes).
    Removing main_nhung.o(.ARM.exidx.text.LCD_Send_Data), (8 bytes).
    Removing main_nhung.o(.ARM.exidx.text.Delay_us), (8 bytes).
    Removing main_nhung.o(.bss.Detect_Fall.fall_start_time), (4 bytes).
    Removing main_nhung.o(.bss.X), (2 bytes).
    Removing main_nhung.o(.bss.Y), (2 bytes).
    Removing main_nhung.o(.bss.Z), (2 bytes).
    Removing main_nhung.o(.ARM.use_no_argv), (4 bytes).
    Removing system_stm32f10x.o(.text), (0 bytes).
    Removing system_stm32f10x.o(.ARM.exidx.text.SystemInit), (8 bytes).
    Removing system_stm32f10x.o(.ARM.exidx.text.SetSysClock), (8 bytes).
    Removing system_stm32f10x.o(.text.SystemCoreClockUpdate), (290 bytes).
    Removing system_stm32f10x.o(.ARM.exidx.text.SystemCoreClockUpdate), (8 bytes).
    Removing system_stm32f10x.o(.ARM.exidx.text.SetSysClockTo72), (8 bytes).
    Removing system_stm32f10x.o(.data.SystemCoreClock), (4 bytes).
    Removing system_stm32f10x.o(.rodata.AHBPrescTable), (16 bytes).

46 unused section(s) (total 722 bytes) removed from the image.

==============================================================================

Image Symbol Table

    Local Symbols

    Symbol Name                              Value     Ov Type        Size  Object(Section)

    ../clib/angel/boardlib.s                 0x00000000   Number         0  boardinit1.o ABSOLUTE
    ../clib/angel/boardlib.s                 0x00000000   Number         0  boardinit2.o ABSOLUTE
    ../clib/angel/boardlib.s                 0x00000000   Number         0  boardinit3.o ABSOLUTE
    ../clib/angel/boardlib.s                 0x00000000   Number         0  boardshut.o ABSOLUTE
    ../clib/angel/handlers.s                 0x00000000   Number         0  __scatter_copy.o ABSOLUTE
    ../clib/angel/handlers.s                 0x00000000   Number         0  __scatter_zi.o ABSOLUTE
    ../clib/angel/kernel.s                   0x00000000   Number         0  __rtentry.o ABSOLUTE
    ../clib/angel/kernel.s                   0x00000000   Number         0  __rtentry2.o ABSOLUTE
    ../clib/angel/kernel.s                   0x00000000   Number         0  __rtentry4.o ABSOLUTE
    ../clib/angel/kernel.s                   0x00000000   Number         0  rtexit.o ABSOLUTE
    ../clib/angel/kernel.s                   0x00000000   Number         0  rtexit2.o ABSOLUTE
    ../clib/angel/rt.s                       0x00000000   Number         0  rt_errno_addr.o ABSOLUTE
    ../clib/angel/rt.s                       0x00000000   Number         0  rt_errno_addr_intlibspace.o ABSOLUTE
    ../clib/angel/rt.s                       0x00000000   Number         0  rt_raise.o ABSOLUTE
    ../clib/angel/scatter.s                  0x00000000   Number         0  __scatter.o ABSOLUTE
    ../clib/angel/startup.s                  0x00000000   Number         0  __main.o ABSOLUTE
    ../clib/angel/sys.s                      0x00000000   Number         0  libspace.o ABSOLUTE
    ../clib/angel/sys.s                      0x00000000   Number         0  sys_stackheap_outer.o ABSOLUTE
    ../clib/angel/sys.s                      0x00000000   Number         0  use_no_semi.o ABSOLUTE
    ../clib/angel/sys.s                      0x00000000   Number         0  indicate_semi.o ABSOLUTE
    ../clib/angel/sysapp.c                   0x00000000   Number         0  sys_exit.o ABSOLUTE
    ../clib/angel/sysapp.c                   0x00000000   Number         0  sys_exit_hlt.o ABSOLUTE
    ../clib/angel/sysapp.c                   0x00000000   Number         0  sys_command.o ABSOLUTE
    ../clib/angel/sysapp.c                   0x00000000   Number         0  sys_command_hlt.o ABSOLUTE
    ../clib/angel/sysapp.c                   0x00000000   Number         0  sys_wrch.o ABSOLUTE
    ../clib/angel/sysapp.c                   0x00000000   Number         0  sys_wrch_hlt.o ABSOLUTE
    ../clib/armsys.c                         0x00000000   Number         0  argv_veneer.o ABSOLUTE
    ../clib/armsys.c                         0x00000000   Number         0  argv_veneer.o ABSOLUTE
    ../clib/armsys.c                         0x00000000   Number         0  _get_argv_nomalloc.o ABSOLUTE
    ../clib/armsys.c                         0x00000000   Number         0  no_argv.o ABSOLUTE
    ../clib/fenv.c                           0x00000000   Number         0  _rserrno.o ABSOLUTE
    ../clib/heapalloc.c                      0x00000000   Number         0  hrguard.o ABSOLUTE
    ../clib/heapaux.c                        0x00000000   Number         0  heapauxi.o ABSOLUTE
    ../clib/libinit.s                        0x00000000   Number         0  libinit.o ABSOLUTE
    ../clib/libinit.s                        0x00000000   Number         0  libinit2.o ABSOLUTE
    ../clib/libinit.s                        0x00000000   Number         0  libshutdown.o ABSOLUTE
    ../clib/libinit.s                        0x00000000   Number         0  libshutdown2.o ABSOLUTE
    ../clib/signal.c                         0x00000000   Number         0  defsig_rtmem_outer.o ABSOLUTE
    ../clib/signal.c                         0x00000000   Number         0  defsig_rtmem_formal.o ABSOLUTE
    ../clib/signal.c                         0x00000000   Number         0  defsig_exit.o ABSOLUTE
    ../clib/signal.c                         0x00000000   Number         0  defsig_rtmem_inner.o ABSOLUTE
    ../clib/signal.c                         0x00000000   Number         0  __raise.o ABSOLUTE
    ../clib/signal.c                         0x00000000   Number         0  defsig_general.o ABSOLUTE
    ../clib/signal.c                         0x00000000   Number         0  defsig_abrt_inner.o ABSOLUTE
    ../clib/signal.c                         0x00000000   Number         0  defsig_fpe_inner.o ABSOLUTE
    ../clib/signal.c                         0x00000000   Number         0  defsig_rtred_inner.o ABSOLUTE
    ../clib/signal.c                         0x00000000   Number         0  defsig_stak_inner.o ABSOLUTE
    ../clib/signal.c                         0x00000000   Number         0  defsig_pvfn_inner.o ABSOLUTE
    ../clib/signal.c                         0x00000000   Number         0  defsig_cppl_inner.o ABSOLUTE
    ../clib/signal.c                         0x00000000   Number         0  defsig_segv_inner.o ABSOLUTE
    ../clib/signal.c                         0x00000000   Number         0  defsig_other.o ABSOLUTE
    ../clib/signal.s                         0x00000000   Number         0  defsig.o ABSOLUTE
    ../clib/stdlib.c                         0x00000000   Number         0  exit.o ABSOLUTE
    ../fplib/d2f.s                           0x00000000   Number         0  d2f.o ABSOLUTE
    ../fplib/daddsub.s                       0x00000000   Number         0  daddsub_clz.o ABSOLUTE
    ../fplib/dcmp.s                          0x00000000   Number         0  dcmp.o ABSOLUTE
    ../fplib/dcmpi.s                         0x00000000   Number         0  dcmpi.o ABSOLUTE
    ../fplib/deqf.s                          0x00000000   Number         0  deqf.o ABSOLUTE
    ../fplib/dgeqf.s                         0x00000000   Number         0  dgeqf.o ABSOLUTE
    ../fplib/dleqf.s                         0x00000000   Number         0  dleqf.o ABSOLUTE
    ../fplib/dnaninf.s                       0x00000000   Number         0  dnaninf.o ABSOLUTE
    ../fplib/dretinf.s                       0x00000000   Number         0  dretinf.o ABSOLUTE
    ../fplib/dsqrt.s                         0x00000000   Number         0  dsqrt_noumaal.o ABSOLUTE
    ../fplib/f2d.s                           0x00000000   Number         0  f2d.o ABSOLUTE
    ../fplib/faddsub.s                       0x00000000   Number         0  faddsub_clz.o ABSOLUTE
    ../fplib/fdiv.s                          0x00000000   Number         0  fdiv.o ABSOLUTE
    ../fplib/fflt.s                          0x00000000   Number         0  fflt_clz.o ABSOLUTE
    ../fplib/fmul.s                          0x00000000   Number         0  fmul.o ABSOLUTE
    ../fplib/fnaninf.s                       0x00000000   Number         0  fnaninf.o ABSOLUTE
    ../fplib/fpinit.s                        0x00000000   Number         0  fpinit.o ABSOLUTE
    ../fplib/fpinit_empty.s                  0x00000000   Number         0  fpinit_empty.o ABSOLUTE
    ../fplib/fretinf.s                       0x00000000   Number         0  fretinf.o ABSOLUTE
    ../fplib/usenofp.s                       0x00000000   Number         0  usenofp.o ABSOLUTE
    ../mathlib/sqrt.c                        0x00000000   Number         0  sqrt.o ABSOLUTE
    RTE/Device/STM32F103C8/startup_stm32f10x_md.s 0x00000000   Number         0  startup_stm32f10x_md.o ABSOLUTE
    dc.s                                     0x00000000   Number         0  dc.o ABSOLUTE
    main_nhung.c                             0x00000000   Number         0  main_nhung.o ABSOLUTE
    system_stm32f10x.c                       0x00000000   Number         0  system_stm32f10x.o ABSOLUTE
    RESET                                    0x08000000   Section      236  startup_stm32f10x_md.o(RESET)
    !!!main                                  0x080000ec   Section        8  __main.o(!!!main)
    !!!scatter                               0x080000f4   Section       92  __scatter.o(!!!scatter)
    !!handler_copy                           0x08000150   Section       26  __scatter_copy.o(!!handler_copy)
    !!handler_null                           0x0800016c   Section        2  __scatter.o(!!handler_null)
    !!handler_zi                             0x08000170   Section       28  __scatter_zi.o(!!handler_zi)
    .ARM.Collect$$libinit$$00000000          0x0800018c   Section        2  libinit.o(.ARM.Collect$$libinit$$00000000)
    .ARM.Collect$$libinit$$00000002          0x0800018e   Section        0  libinit2.o(.ARM.Collect$$libinit$$00000002)
    .ARM.Collect$$libinit$$00000004          0x0800018e   Section        0  libinit2.o(.ARM.Collect$$libinit$$00000004)
    .ARM.Collect$$libinit$$00000006          0x0800018e   Section        0  libinit2.o(.ARM.Collect$$libinit$$00000006)
    .ARM.Collect$$libinit$$0000000C          0x0800018e   Section        0  libinit2.o(.ARM.Collect$$libinit$$0000000C)
    .ARM.Collect$$libinit$$0000000E          0x0800018e   Section        0  libinit2.o(.ARM.Collect$$libinit$$0000000E)
    .ARM.Collect$$libinit$$00000010          0x0800018e   Section        0  libinit2.o(.ARM.Collect$$libinit$$00000010)
    .ARM.Collect$$libinit$$00000013          0x0800018e   Section        0  libinit2.o(.ARM.Collect$$libinit$$00000013)
    .ARM.Collect$$libinit$$00000015          0x0800018e   Section        0  libinit2.o(.ARM.Collect$$libinit$$00000015)
    .ARM.Collect$$libinit$$00000017          0x0800018e   Section        0  libinit2.o(.ARM.Collect$$libinit$$00000017)
    .ARM.Collect$$libinit$$00000019          0x0800018e   Section        0  libinit2.o(.ARM.Collect$$libinit$$00000019)
    .ARM.Collect$$libinit$$0000001B          0x0800018e   Section        0  libinit2.o(.ARM.Collect$$libinit$$0000001B)
    .ARM.Collect$$libinit$$0000001D          0x0800018e   Section        0  libinit2.o(.ARM.Collect$$libinit$$0000001D)
    .ARM.Collect$$libinit$$0000001F          0x0800018e   Section        0  libinit2.o(.ARM.Collect$$libinit$$0000001F)
    .ARM.Collect$$libinit$$00000021          0x0800018e   Section        0  libinit2.o(.ARM.Collect$$libinit$$00000021)
    .ARM.Collect$$libinit$$00000023          0x0800018e   Section        0  libinit2.o(.ARM.Collect$$libinit$$00000023)
    .ARM.Collect$$libinit$$00000025          0x0800018e   Section        0  libinit2.o(.ARM.Collect$$libinit$$00000025)
    .ARM.Collect$$libinit$$00000027          0x0800018e   Section        0  libinit2.o(.ARM.Collect$$libinit$$00000027)
    .ARM.Collect$$libinit$$0000002E          0x0800018e   Section        0  libinit2.o(.ARM.Collect$$libinit$$0000002E)
    .ARM.Collect$$libinit$$00000030          0x0800018e   Section        0  libinit2.o(.ARM.Collect$$libinit$$00000030)
    .ARM.Collect$$libinit$$00000032          0x0800018e   Section        0  libinit2.o(.ARM.Collect$$libinit$$00000032)
    .ARM.Collect$$libinit$$00000034          0x0800018e   Section        0  libinit2.o(.ARM.Collect$$libinit$$00000034)
    .ARM.Collect$$libinit$$00000035          0x0800018e   Section        2  libinit2.o(.ARM.Collect$$libinit$$00000035)
    .ARM.Collect$$libshutdown$$00000000      0x08000190   Section        2  libshutdown.o(.ARM.Collect$$libshutdown$$00000000)
    .ARM.Collect$$libshutdown$$00000002      0x08000192   Section        0  libshutdown2.o(.ARM.Collect$$libshutdown$$00000002)
    .ARM.Collect$$libshutdown$$00000004      0x08000192   Section        0  libshutdown2.o(.ARM.Collect$$libshutdown$$00000004)
    .ARM.Collect$$libshutdown$$00000007      0x08000192   Section        0  libshutdown2.o(.ARM.Collect$$libshutdown$$00000007)
    .ARM.Collect$$libshutdown$$0000000A      0x08000192   Section        0  libshutdown2.o(.ARM.Collect$$libshutdown$$0000000A)
    .ARM.Collect$$libshutdown$$0000000C      0x08000192   Section        0  libshutdown2.o(.ARM.Collect$$libshutdown$$0000000C)
    .ARM.Collect$$libshutdown$$0000000F      0x08000192   Section        0  libshutdown2.o(.ARM.Collect$$libshutdown$$0000000F)
    .ARM.Collect$$libshutdown$$00000010      0x08000192   Section        2  libshutdown2.o(.ARM.Collect$$libshutdown$$00000010)
    .ARM.Collect$$rtentry$$00000000          0x08000194   Section        0  __rtentry.o(.ARM.Collect$$rtentry$$00000000)
    .ARM.Collect$$rtentry$$00000002          0x08000194   Section        0  __rtentry2.o(.ARM.Collect$$rtentry$$00000002)
    .ARM.Collect$$rtentry$$00000004          0x08000194   Section        6  __rtentry4.o(.ARM.Collect$$rtentry$$00000004)
    .ARM.Collect$$rtentry$$00000009          0x0800019a   Section        0  __rtentry2.o(.ARM.Collect$$rtentry$$00000009)
    .ARM.Collect$$rtentry$$0000000A          0x0800019a   Section        4  __rtentry2.o(.ARM.Collect$$rtentry$$0000000A)
    .ARM.Collect$$rtentry$$0000000C          0x0800019e   Section        0  __rtentry2.o(.ARM.Collect$$rtentry$$0000000C)
    .ARM.Collect$$rtentry$$0000000D          0x0800019e   Section        8  __rtentry2.o(.ARM.Collect$$rtentry$$0000000D)
    .ARM.Collect$$rtexit$$00000000           0x080001a6   Section        2  rtexit.o(.ARM.Collect$$rtexit$$00000000)
    .ARM.Collect$$rtexit$$00000002           0x080001a8   Section        0  rtexit2.o(.ARM.Collect$$rtexit$$00000002)
    .ARM.Collect$$rtexit$$00000003           0x080001a8   Section        4  rtexit2.o(.ARM.Collect$$rtexit$$00000003)
    .ARM.Collect$$rtexit$$00000004           0x080001ac   Section        6  rtexit2.o(.ARM.Collect$$rtexit$$00000004)
    .text                                    0x080001b4   Section       64  startup_stm32f10x_md.o(.text)
    .text                                    0x080001f4   Section        0  heapauxi.o(.text)
    .text                                    0x080001fa   Section        0  _rserrno.o(.text)
    .text                                    0x08000210   Section        8  rt_errno_addr_intlibspace.o(.text)
    .text                                    0x08000218   Section        8  libspace.o(.text)
    .text                                    0x08000220   Section       74  sys_stackheap_outer.o(.text)
    .text                                    0x0800026a   Section        0  exit.o(.text)
    .text                                    0x0800027c   Section        0  sys_exit.o(.text)
    .text                                    0x08000288   Section        2  use_no_semi.o(.text)
    .text                                    0x0800028a   Section        0  indicate_semi.o(.text)
    [Anonymous Symbol]                       0x0800028c   Section        0  main_nhung.o(.text.Calculate_Magnitude)
    [Anonymous Symbol]                       0x08000338   Section        0  main_nhung.o(.text.Delay_ms)
    [Anonymous Symbol]                       0x08000364   Section        0  main_nhung.o(.text.Delay_us)
    [Anonymous Symbol]                       0x0800038c   Section        0  main_nhung.o(.text.Detect_Fall)
    [Anonymous Symbol]                       0x080003f4   Section        0  main_nhung.o(.text.EXTI1_IRQHandler)
    [Anonymous Symbol]                       0x0800046c   Section        0  main_nhung.o(.text.EXTI_Config)
    [Anonymous Symbol]                       0x08000538   Section        0  main_nhung.o(.text.GPIO_Init_Pin)
    [Anonymous Symbol]                       0x08000580   Section        0  main_nhung.o(.text.I2C_Init)
    [Anonymous Symbol]                       0x080005e8   Section        0  main_nhung.o(.text.I2C_Read_Data)
    [Anonymous Symbol]                       0x08000650   Section        0  main_nhung.o(.text.I2C_Start)
    [Anonymous Symbol]                       0x08000678   Section        0  main_nhung.o(.text.I2C_Stop)
    [Anonymous Symbol]                       0x0800068c   Section        0  main_nhung.o(.text.I2C_Write)
    [Anonymous Symbol]                       0x080006bc   Section        0  main_nhung.o(.text.I2C_Write_Addr)
    [Anonymous Symbol]                       0x080006f4   Section        0  main_nhung.o(.text.I2C_Write_Addr_Reg)
    [Anonymous Symbol]                       0x08000724   Section        0  main_nhung.o(.text.I2C_Write_Data)
    [Anonymous Symbol]                       0x08000768   Section        0  main_nhung.o(.text.Initial)
    [Anonymous Symbol]                       0x08000784   Section        0  main_nhung.o(.text.LCD_Enable)
    [Anonymous Symbol]                       0x080007b4   Section        0  main_nhung.o(.text.LCD_Init)
    [Anonymous Symbol]                       0x0800080c   Section        0  main_nhung.o(.text.LCD_Mode_4bit)
    [Anonymous Symbol]                       0x08000834   Section        0  main_nhung.o(.text.LCD_Send_Command)
    [Anonymous Symbol]                       0x08000864   Section        0  main_nhung.o(.text.LCD_Send_Data)
    [Anonymous Symbol]                       0x08000894   Section        0  main_nhung.o(.text.LCD_Send_String)
    [Anonymous Symbol]                       0x080008c4   Section        0  main_nhung.o(.text.Led_Init)
    [Anonymous Symbol]                       0x08000900   Section        0  main_nhung.o(.text.MPU6050_Init)
    [Anonymous Symbol]                       0x08000934   Section        0  main_nhung.o(.text.MPU6050_Read_Accel)
    [Anonymous Symbol]                       0x0800098c   Section        0  main_nhung.o(.text.Run)
    SetSysClock                              0x08000a39   Thumb Code     8  system_stm32f10x.o(.text.SetSysClock)
    [Anonymous Symbol]                       0x08000a38   Section        0  system_stm32f10x.o(.text.SetSysClock)
    SetSysClockTo72                          0x08000a41   Thumb Code   290  system_stm32f10x.o(.text.SetSysClockTo72)
    [Anonymous Symbol]                       0x08000a40   Section        0  system_stm32f10x.o(.text.SetSysClockTo72)
    [Anonymous Symbol]                       0x08000b64   Section        0  main_nhung.o(.text.SysClkConf_72MHz)
    [Anonymous Symbol]                       0x08000c2c   Section        0  system_stm32f10x.o(.text.SystemInit)
    __NVIC_EnableIRQ                         0x08000c95   Thumb Code    48  main_nhung.o(.text.__NVIC_EnableIRQ)
    [Anonymous Symbol]                       0x08000c94   Section        0  main_nhung.o(.text.__NVIC_EnableIRQ)
    __NVIC_SetPriority                       0x08000cc5   Thumb Code    66  main_nhung.o(.text.__NVIC_SetPriority)
    [Anonymous Symbol]                       0x08000cc4   Section        0  main_nhung.o(.text.__NVIC_SetPriority)
    [Anonymous Symbol]                       0x08000d08   Section        0  main_nhung.o(.text.main)
    i.sqrt                                   0x08000d16   Section        0  sqrt.o(i.sqrt)
    x$fpl$d2f                                0x08000d64   Section       98  d2f.o(x$fpl$d2f)
    x$fpl$dadd                               0x08000dc8   Section      336  daddsub_clz.o(x$fpl$dadd)
    _dadd1                                   0x08000dd9   Thumb Code     0  daddsub_clz.o(x$fpl$dadd)
    x$fpl$dcmpinf                            0x08000f18   Section       24  dcmpi.o(x$fpl$dcmpinf)
    x$fpl$deqf                               0x08000f30   Section      120  deqf.o(x$fpl$deqf)
    x$fpl$dgeqf                              0x08000fa8   Section      120  dgeqf.o(x$fpl$dgeqf)
    x$fpl$dleqf                              0x08001020   Section      120  dleqf.o(x$fpl$dleqf)
    x$fpl$dnaninf                            0x08001098   Section      156  dnaninf.o(x$fpl$dnaninf)
    x$fpl$dretinf                            0x08001134   Section       12  dretinf.o(x$fpl$dretinf)
    x$fpl$dsqrt                              0x08001140   Section      460  dsqrt_noumaal.o(x$fpl$dsqrt)
    x$fpl$dsub                               0x0800130c   Section      476  daddsub_clz.o(x$fpl$dsub)
    _dsub1                                   0x0800131d   Thumb Code     0  daddsub_clz.o(x$fpl$dsub)
    x$fpl$f2d                                0x080014e8   Section       86  f2d.o(x$fpl$f2d)
    x$fpl$fadd                               0x08001540   Section      196  faddsub_clz.o(x$fpl$fadd)
    _fadd1                                   0x0800154f   Thumb Code     0  faddsub_clz.o(x$fpl$fadd)
    x$fpl$fcmp                               0x08001604   Section       84  dcmp.o(x$fpl$fcmp)
    _fdiv1                                   0x08001659   Thumb Code     0  fdiv.o(x$fpl$fdiv)
    x$fpl$fdiv                               0x08001658   Section      388  fdiv.o(x$fpl$fdiv)
    x$fpl$fflt                               0x080017dc   Section       48  fflt_clz.o(x$fpl$fflt)
    x$fpl$fmul                               0x0800180c   Section      258  fmul.o(x$fpl$fmul)
    x$fpl$fnaninf                            0x0800190e   Section      140  fnaninf.o(x$fpl$fnaninf)
    x$fpl$fretinf                            0x0800199a   Section       10  fretinf.o(x$fpl$fretinf)
    x$fpl$fsub                               0x080019a4   Section      234  faddsub_clz.o(x$fpl$fsub)
    _fsub1                                   0x080019b3   Thumb Code     0  faddsub_clz.o(x$fpl$fsub)
    .L.str.1                                 0x08001a8e   Data           5  main_nhung.o(.rodata.str1.1)
    [Anonymous Symbol]                       0x08001a8e   Section        0  main_nhung.o(.rodata.str1.1)
    x$fpl$usenofp                            0x08001a8e   Section        0  usenofp.o(x$fpl$usenofp)
    .L.str.4                                 0x08001a93   Data           8  main_nhung.o(.rodata.str1.1)
    .L.str.2                                 0x08001a9b   Data           5  main_nhung.o(.rodata.str1.1)
    .L.str.3                                 0x08001aa0   Data           6  main_nhung.o(.rodata.str1.1)
    .L.str                                   0x08001aa6   Data           6  main_nhung.o(.rodata.str1.1)
    .bss                                     0x20000008   Section       96  libspace.o(.bss)
    Heap_Mem                                 0x20000070   Data         512  startup_stm32f10x_md.o(HEAP)
    HEAP                                     0x20000070   Section      512  startup_stm32f10x_md.o(HEAP)
    Stack_Mem                                0x20000270   Data        1024  startup_stm32f10x_md.o(STACK)
    STACK                                    0x20000270   Section     1024  startup_stm32f10x_md.o(STACK)
    __initial_sp                             0x20000670   Data           0  startup_stm32f10x_md.o(STACK)

    Global Symbols

    Symbol Name                              Value     Ov Type        Size  Object(Section)

    BuildAttributes$$THM_ISAv4$P$D$K$B$S$PE$A:L22UL41UL21$X:L11$S22US41US21$IEEE1$IW$~IW$USESV6$~STKCKD$USESV7$~SHL$OTIME$ROPI$IEEEJ$EBA8$UX$STANDARDLIB$REQ8$PRES8$EABIv2 0x00000000   Number         0  anon$$obj.o ABSOLUTE
    __fp_init_empty                          0x00000000   Number         0  fpinit_empty.o ABSOLUTE
    __ARM_exceptions_init                     - Undefined Weak Reference
    __alloca_initialize                       - Undefined Weak Reference
    __arm_preinit_                            - Undefined Weak Reference
    __arm_relocate_pie_                       - Undefined Weak Reference
    __cpp_initialize__aeabi_                  - Undefined Weak Reference
    __cxa_finalize                            - Undefined Weak Reference
    __rt_locale                               - Undefined Weak Reference
    __sigvec_lookup                           - Undefined Weak Reference
    _atexit_init                              - Undefined Weak Reference
    _call_atexit_fns                          - Undefined Weak Reference
    _clock_init                               - Undefined Weak Reference
    _fp_trap_init                             - Undefined Weak Reference
    _fp_trap_shutdown                         - Undefined Weak Reference
    _get_lc_collate                           - Undefined Weak Reference
    _get_lc_ctype                             - Undefined Weak Reference
    _get_lc_monetary                          - Undefined Weak Reference
    _get_lc_numeric                           - Undefined Weak Reference
    _get_lc_time                              - Undefined Weak Reference
    _getenv_init                              - Undefined Weak Reference
    _handle_redirection                       - Undefined Weak Reference
    _init_alloc                               - Undefined Weak Reference
    _init_user_alloc                          - Undefined Weak Reference
    _initio                                   - Undefined Weak Reference
    _rand_init                                - Undefined Weak Reference
    _signal_finish                            - Undefined Weak Reference
    _signal_init                              - Undefined Weak Reference
    _terminate_alloc                          - Undefined Weak Reference
    _terminate_user_alloc                     - Undefined Weak Reference
    _terminateio                              - Undefined Weak Reference
    __Vectors_Size                           0x000000ec   Number         0  startup_stm32f10x_md.o ABSOLUTE
    __Vectors                                0x08000000   Data           4  startup_stm32f10x_md.o(RESET)
    __Vectors_End                            0x080000ec   Data           0  startup_stm32f10x_md.o(RESET)
    __main                                   0x080000ed   Thumb Code     8  __main.o(!!!main)
    __scatterload                            0x080000f5   Thumb Code     0  __scatter.o(!!!scatter)
    __scatterload_rt2                        0x080000f5   Thumb Code    84  __scatter.o(!!!scatter)
    __scatterload_rt2_thumb_only             0x080000f5   Thumb Code     0  __scatter.o(!!!scatter)
    __scatterload_loop                       0x080000ff   Thumb Code     0  __scatter.o(!!!scatter)
    __scatterload_copy                       0x08000151   Thumb Code    26  __scatter_copy.o(!!handler_copy)
    __scatterload_null                       0x0800016d   Thumb Code     2  __scatter.o(!!handler_null)
    __scatterload_zeroinit                   0x08000171   Thumb Code    28  __scatter_zi.o(!!handler_zi)
    __rt_lib_init                            0x0800018d   Thumb Code     0  libinit.o(.ARM.Collect$$libinit$$00000000)
    __rt_lib_init_alloca_1                   0x0800018f   Thumb Code     0  libinit2.o(.ARM.Collect$$libinit$$00000030)
    __rt_lib_init_argv_1                     0x0800018f   Thumb Code     0  libinit2.o(.ARM.Collect$$libinit$$0000002E)
    __rt_lib_init_atexit_1                   0x0800018f   Thumb Code     0  libinit2.o(.ARM.Collect$$libinit$$0000001D)
    __rt_lib_init_clock_1                    0x0800018f   Thumb Code     0  libinit2.o(.ARM.Collect$$libinit$$00000023)
    __rt_lib_init_cpp_1                      0x0800018f   Thumb Code     0  libinit2.o(.ARM.Collect$$libinit$$00000034)
    __rt_lib_init_exceptions_1               0x0800018f   Thumb Code     0  libinit2.o(.ARM.Collect$$libinit$$00000032)
    __rt_lib_init_fp_1                       0x0800018f   Thumb Code     0  libinit2.o(.ARM.Collect$$libinit$$00000002)
    __rt_lib_init_fp_trap_1                  0x0800018f   Thumb Code     0  libinit2.o(.ARM.Collect$$libinit$$00000021)
    __rt_lib_init_getenv_1                   0x0800018f   Thumb Code     0  libinit2.o(.ARM.Collect$$libinit$$00000025)
    __rt_lib_init_heap_1                     0x0800018f   Thumb Code     0  libinit2.o(.ARM.Collect$$libinit$$0000000C)
    __rt_lib_init_lc_collate_1               0x0800018f   Thumb Code     0  libinit2.o(.ARM.Collect$$libinit$$00000013)
    __rt_lib_init_lc_ctype_1                 0x0800018f   Thumb Code     0  libinit2.o(.ARM.Collect$$libinit$$00000015)
    __rt_lib_init_lc_monetary_1              0x0800018f   Thumb Code     0  libinit2.o(.ARM.Collect$$libinit$$00000017)
    __rt_lib_init_lc_numeric_1               0x0800018f   Thumb Code     0  libinit2.o(.ARM.Collect$$libinit$$00000019)
    __rt_lib_init_lc_time_1                  0x0800018f   Thumb Code     0  libinit2.o(.ARM.Collect$$libinit$$0000001B)
    __rt_lib_init_preinit_1                  0x0800018f   Thumb Code     0  libinit2.o(.ARM.Collect$$libinit$$00000006)
    __rt_lib_init_rand_1                     0x0800018f   Thumb Code     0  libinit2.o(.ARM.Collect$$libinit$$00000010)
    __rt_lib_init_relocate_pie_1             0x0800018f   Thumb Code     0  libinit2.o(.ARM.Collect$$libinit$$00000004)
    __rt_lib_init_return                     0x0800018f   Thumb Code     0  libinit2.o(.ARM.Collect$$libinit$$00000035)
    __rt_lib_init_signal_1                   0x0800018f   Thumb Code     0  libinit2.o(.ARM.Collect$$libinit$$0000001F)
    __rt_lib_init_stdio_1                    0x0800018f   Thumb Code     0  libinit2.o(.ARM.Collect$$libinit$$00000027)
    __rt_lib_init_user_alloc_1               0x0800018f   Thumb Code     0  libinit2.o(.ARM.Collect$$libinit$$0000000E)
    __rt_lib_shutdown                        0x08000191   Thumb Code     0  libshutdown.o(.ARM.Collect$$libshutdown$$00000000)
    __rt_lib_shutdown_cpp_1                  0x08000193   Thumb Code     0  libshutdown2.o(.ARM.Collect$$libshutdown$$00000002)
    __rt_lib_shutdown_fp_trap_1              0x08000193   Thumb Code     0  libshutdown2.o(.ARM.Collect$$libshutdown$$00000007)
    __rt_lib_shutdown_heap_1                 0x08000193   Thumb Code     0  libshutdown2.o(.ARM.Collect$$libshutdown$$0000000F)
    __rt_lib_shutdown_return                 0x08000193   Thumb Code     0  libshutdown2.o(.ARM.Collect$$libshutdown$$00000010)
    __rt_lib_shutdown_signal_1               0x08000193   Thumb Code     0  libshutdown2.o(.ARM.Collect$$libshutdown$$0000000A)
    __rt_lib_shutdown_stdio_1                0x08000193   Thumb Code     0  libshutdown2.o(.ARM.Collect$$libshutdown$$00000004)
    __rt_lib_shutdown_user_alloc_1           0x08000193   Thumb Code     0  libshutdown2.o(.ARM.Collect$$libshutdown$$0000000C)
    __rt_entry                               0x08000195   Thumb Code     0  __rtentry.o(.ARM.Collect$$rtentry$$00000000)
    __rt_entry_presh_1                       0x08000195   Thumb Code     0  __rtentry2.o(.ARM.Collect$$rtentry$$00000002)
    __rt_entry_sh                            0x08000195   Thumb Code     0  __rtentry4.o(.ARM.Collect$$rtentry$$00000004)
    __rt_entry_li                            0x0800019b   Thumb Code     0  __rtentry2.o(.ARM.Collect$$rtentry$$0000000A)
    __rt_entry_postsh_1                      0x0800019b   Thumb Code     0  __rtentry2.o(.ARM.Collect$$rtentry$$00000009)
    __rt_entry_main                          0x0800019f   Thumb Code     0  __rtentry2.o(.ARM.Collect$$rtentry$$0000000D)
    __rt_entry_postli_1                      0x0800019f   Thumb Code     0  __rtentry2.o(.ARM.Collect$$rtentry$$0000000C)
    __rt_exit                                0x080001a7   Thumb Code     0  rtexit.o(.ARM.Collect$$rtexit$$00000000)
    __rt_exit_ls                             0x080001a9   Thumb Code     0  rtexit2.o(.ARM.Collect$$rtexit$$00000003)
    __rt_exit_prels_1                        0x080001a9   Thumb Code     0  rtexit2.o(.ARM.Collect$$rtexit$$00000002)
    __rt_exit_exit                           0x080001ad   Thumb Code     0  rtexit2.o(.ARM.Collect$$rtexit$$00000004)
    Reset_Handler                            0x080001b5   Thumb Code     8  startup_stm32f10x_md.o(.text)
    NMI_Handler                              0x080001bd   Thumb Code     2  startup_stm32f10x_md.o(.text)
    HardFault_Handler                        0x080001bf   Thumb Code     2  startup_stm32f10x_md.o(.text)
    MemManage_Handler                        0x080001c1   Thumb Code     2  startup_stm32f10x_md.o(.text)
    BusFault_Handler                         0x080001c3   Thumb Code     2  startup_stm32f10x_md.o(.text)
    UsageFault_Handler                       0x080001c5   Thumb Code     2  startup_stm32f10x_md.o(.text)
    SVC_Handler                              0x080001c7   Thumb Code     2  startup_stm32f10x_md.o(.text)
    DebugMon_Handler                         0x080001c9   Thumb Code     2  startup_stm32f10x_md.o(.text)
    PendSV_Handler                           0x080001cb   Thumb Code     2  startup_stm32f10x_md.o(.text)
    SysTick_Handler                          0x080001cd   Thumb Code     2  startup_stm32f10x_md.o(.text)
    ADC1_2_IRQHandler                        0x080001cf   Thumb Code     0  startup_stm32f10x_md.o(.text)
    CAN1_RX1_IRQHandler                      0x080001cf   Thumb Code     0  startup_stm32f10x_md.o(.text)
    CAN1_SCE_IRQHandler                      0x080001cf   Thumb Code     0  startup_stm32f10x_md.o(.text)
    DMA1_Channel1_IRQHandler                 0x080001cf   Thumb Code     0  startup_stm32f10x_md.o(.text)
    DMA1_Channel2_IRQHandler                 0x080001cf   Thumb Code     0  startup_stm32f10x_md.o(.text)
    DMA1_Channel3_IRQHandler                 0x080001cf   Thumb Code     0  startup_stm32f10x_md.o(.text)
    DMA1_Channel4_IRQHandler                 0x080001cf   Thumb Code     0  startup_stm32f10x_md.o(.text)
    DMA1_Channel5_IRQHandler                 0x080001cf   Thumb Code     0  startup_stm32f10x_md.o(.text)
    DMA1_Channel6_IRQHandler                 0x080001cf   Thumb Code     0  startup_stm32f10x_md.o(.text)
    DMA1_Channel7_IRQHandler                 0x080001cf   Thumb Code     0  startup_stm32f10x_md.o(.text)
    EXTI0_IRQHandler                         0x080001cf   Thumb Code     0  startup_stm32f10x_md.o(.text)
    EXTI15_10_IRQHandler                     0x080001cf   Thumb Code     0  startup_stm32f10x_md.o(.text)
    EXTI2_IRQHandler                         0x080001cf   Thumb Code     0  startup_stm32f10x_md.o(.text)
    EXTI3_IRQHandler                         0x080001cf   Thumb Code     0  startup_stm32f10x_md.o(.text)
    EXTI4_IRQHandler                         0x080001cf   Thumb Code     0  startup_stm32f10x_md.o(.text)
    EXTI9_5_IRQHandler                       0x080001cf   Thumb Code     0  startup_stm32f10x_md.o(.text)
    FLASH_IRQHandler                         0x080001cf   Thumb Code     0  startup_stm32f10x_md.o(.text)
    I2C1_ER_IRQHandler                       0x080001cf   Thumb Code     0  startup_stm32f10x_md.o(.text)
    I2C1_EV_IRQHandler                       0x080001cf   Thumb Code     0  startup_stm32f10x_md.o(.text)
    I2C2_ER_IRQHandler                       0x080001cf   Thumb Code     0  startup_stm32f10x_md.o(.text)
    I2C2_EV_IRQHandler                       0x080001cf   Thumb Code     0  startup_stm32f10x_md.o(.text)
    PVD_IRQHandler                           0x080001cf   Thumb Code     0  startup_stm32f10x_md.o(.text)
    RCC_IRQHandler                           0x080001cf   Thumb Code     0  startup_stm32f10x_md.o(.text)
    RTCAlarm_IRQHandler                      0x080001cf   Thumb Code     0  startup_stm32f10x_md.o(.text)
    RTC_IRQHandler                           0x080001cf   Thumb Code     0  startup_stm32f10x_md.o(.text)
    SPI1_IRQHandler                          0x080001cf   Thumb Code     0  startup_stm32f10x_md.o(.text)
    SPI2_IRQHandler                          0x080001cf   Thumb Code     0  startup_stm32f10x_md.o(.text)
    TAMPER_IRQHandler                        0x080001cf   Thumb Code     0  startup_stm32f10x_md.o(.text)
    TIM1_BRK_IRQHandler                      0x080001cf   Thumb Code     0  startup_stm32f10x_md.o(.text)
    TIM1_CC_IRQHandler                       0x080001cf   Thumb Code     0  startup_stm32f10x_md.o(.text)
    TIM1_TRG_COM_IRQHandler                  0x080001cf   Thumb Code     0  startup_stm32f10x_md.o(.text)
    TIM1_UP_IRQHandler                       0x080001cf   Thumb Code     0  startup_stm32f10x_md.o(.text)
    TIM2_IRQHandler                          0x080001cf   Thumb Code     0  startup_stm32f10x_md.o(.text)
    TIM3_IRQHandler                          0x080001cf   Thumb Code     0  startup_stm32f10x_md.o(.text)
    TIM4_IRQHandler                          0x080001cf   Thumb Code     0  startup_stm32f10x_md.o(.text)
    USART1_IRQHandler                        0x080001cf   Thumb Code     0  startup_stm32f10x_md.o(.text)
    USART2_IRQHandler                        0x080001cf   Thumb Code     0  startup_stm32f10x_md.o(.text)
    USART3_IRQHandler                        0x080001cf   Thumb Code     0  startup_stm32f10x_md.o(.text)
    USBWakeUp_IRQHandler                     0x080001cf   Thumb Code     0  startup_stm32f10x_md.o(.text)
    USB_HP_CAN1_TX_IRQHandler                0x080001cf   Thumb Code     0  startup_stm32f10x_md.o(.text)
    USB_LP_CAN1_RX0_IRQHandler               0x080001cf   Thumb Code     0  startup_stm32f10x_md.o(.text)
    WWDG_IRQHandler                          0x080001cf   Thumb Code     0  startup_stm32f10x_md.o(.text)
    __user_initial_stackheap                 0x080001d1   Thumb Code     0  startup_stm32f10x_md.o(.text)
    __use_two_region_memory                  0x080001f5   Thumb Code     2  heapauxi.o(.text)
    __rt_heap_escrow$2region                 0x080001f7   Thumb Code     2  heapauxi.o(.text)
    __rt_heap_expand$2region                 0x080001f9   Thumb Code     2  heapauxi.o(.text)
    __read_errno                             0x080001fb   Thumb Code    10  _rserrno.o(.text)
    __set_errno                              0x08000205   Thumb Code    12  _rserrno.o(.text)
    __aeabi_errno_addr                       0x08000211   Thumb Code     8  rt_errno_addr_intlibspace.o(.text)
    __errno$intlibspace                      0x08000211   Thumb Code     0  rt_errno_addr_intlibspace.o(.text)
    __rt_errno_addr$intlibspace              0x08000211   Thumb Code     0  rt_errno_addr_intlibspace.o(.text)
    __user_libspace                          0x08000219   Thumb Code     8  libspace.o(.text)
    __user_perproc_libspace                  0x08000219   Thumb Code     0  libspace.o(.text)
    __user_perthread_libspace                0x08000219   Thumb Code     0  libspace.o(.text)
    __user_setup_stackheap                   0x08000221   Thumb Code    74  sys_stackheap_outer.o(.text)
    exit                                     0x0800026b   Thumb Code    18  exit.o(.text)
    _sys_exit                                0x0800027d   Thumb Code     8  sys_exit.o(.text)
    __I$use$semihosting                      0x08000289   Thumb Code     0  use_no_semi.o(.text)
    __use_no_semihosting_swi                 0x08000289   Thumb Code     2  use_no_semi.o(.text)
    __semihosting_library_function           0x0800028b   Thumb Code     0  indicate_semi.o(.text)
    Calculate_Magnitude                      0x0800028d   Thumb Code   170  main_nhung.o(.text.Calculate_Magnitude)
    Delay_ms                                 0x08000339   Thumb Code    44  main_nhung.o(.text.Delay_ms)
    Delay_us                                 0x08000365   Thumb Code    38  main_nhung.o(.text.Delay_us)
    Detect_Fall                              0x0800038d   Thumb Code   104  main_nhung.o(.text.Detect_Fall)
    EXTI1_IRQHandler                         0x080003f5   Thumb Code   118  main_nhung.o(.text.EXTI1_IRQHandler)
    EXTI_Config                              0x0800046d   Thumb Code   202  main_nhung.o(.text.EXTI_Config)
    GPIO_Init_Pin                            0x08000539   Thumb Code    72  main_nhung.o(.text.GPIO_Init_Pin)
    I2C_Init                                 0x08000581   Thumb Code   102  main_nhung.o(.text.I2C_Init)
    I2C_Read_Data                            0x080005e9   Thumb Code   104  main_nhung.o(.text.I2C_Read_Data)
    I2C_Start                                0x08000651   Thumb Code    38  main_nhung.o(.text.I2C_Start)
    I2C_Stop                                 0x08000679   Thumb Code    18  main_nhung.o(.text.I2C_Stop)
    I2C_Write                                0x0800068d   Thumb Code    46  main_nhung.o(.text.I2C_Write)
    I2C_Write_Addr                           0x080006bd   Thumb Code    56  main_nhung.o(.text.I2C_Write_Addr)
    I2C_Write_Addr_Reg                       0x080006f5   Thumb Code    46  main_nhung.o(.text.I2C_Write_Addr_Reg)
    I2C_Write_Data                           0x08000725   Thumb Code    68  main_nhung.o(.text.I2C_Write_Data)
    Initial                                  0x08000769   Thumb Code    28  main_nhung.o(.text.Initial)
    LCD_Enable                               0x08000785   Thumb Code    48  main_nhung.o(.text.LCD_Enable)
    LCD_Init                                 0x080007b5   Thumb Code    88  main_nhung.o(.text.LCD_Init)
    LCD_Mode_4bit                            0x0800080d   Thumb Code    40  main_nhung.o(.text.LCD_Mode_4bit)
    LCD_Send_Command                         0x08000835   Thumb Code    46  main_nhung.o(.text.LCD_Send_Command)
    LCD_Send_Data                            0x08000865   Thumb Code    46  main_nhung.o(.text.LCD_Send_Data)
    LCD_Send_String                          0x08000895   Thumb Code    46  main_nhung.o(.text.LCD_Send_String)
    Led_Init                                 0x080008c5   Thumb Code    58  main_nhung.o(.text.Led_Init)
    MPU6050_Init                             0x08000901   Thumb Code    50  main_nhung.o(.text.MPU6050_Init)
    MPU6050_Read_Accel                       0x08000935   Thumb Code    86  main_nhung.o(.text.MPU6050_Read_Accel)
    Run                                      0x0800098d   Thumb Code   170  main_nhung.o(.text.Run)
    SysClkConf_72MHz                         0x08000b65   Thumb Code   200  main_nhung.o(.text.SysClkConf_72MHz)
    SystemInit                               0x08000c2d   Thumb Code   102  system_stm32f10x.o(.text.SystemInit)
    main                                     0x08000d09   Thumb Code    14  main_nhung.o(.text.main)
    sqrt                                     0x08000d17   Thumb Code    76  sqrt.o(i.sqrt)
    __aeabi_d2f                              0x08000d65   Thumb Code     0  d2f.o(x$fpl$d2f)
    _d2f                                     0x08000d65   Thumb Code    98  d2f.o(x$fpl$d2f)
    __aeabi_dadd                             0x08000dc9   Thumb Code     0  daddsub_clz.o(x$fpl$dadd)
    _dadd                                    0x08000dc9   Thumb Code   332  daddsub_clz.o(x$fpl$dadd)
    __fpl_dcmp_Inf                           0x08000f19   Thumb Code    24  dcmpi.o(x$fpl$dcmpinf)
    __aeabi_cdcmpeq                          0x08000f31   Thumb Code     0  deqf.o(x$fpl$deqf)
    _dcmpeq                                  0x08000f31   Thumb Code   120  deqf.o(x$fpl$deqf)
    __aeabi_cdcmpge                          0x08000fa9   Thumb Code     0  dgeqf.o(x$fpl$dgeqf)
    _dcmpge                                  0x08000fa9   Thumb Code   120  dgeqf.o(x$fpl$dgeqf)
    __aeabi_cdcmple                          0x08001021   Thumb Code     0  dleqf.o(x$fpl$dleqf)
    _dcmple                                  0x08001021   Thumb Code   120  dleqf.o(x$fpl$dleqf)
    __fpl_dcmple_InfNaN                      0x08001083   Thumb Code     0  dleqf.o(x$fpl$dleqf)
    __fpl_dnaninf                            0x08001099   Thumb Code   156  dnaninf.o(x$fpl$dnaninf)
    __fpl_dretinf                            0x08001135   Thumb Code    12  dretinf.o(x$fpl$dretinf)
    _dsqrt                                   0x08001141   Thumb Code   456  dsqrt_noumaal.o(x$fpl$dsqrt)
    __aeabi_dsub                             0x0800130d   Thumb Code     0  daddsub_clz.o(x$fpl$dsub)
    _dsub                                    0x0800130d   Thumb Code   472  daddsub_clz.o(x$fpl$dsub)
    __aeabi_f2d                              0x080014e9   Thumb Code     0  f2d.o(x$fpl$f2d)
    _f2d                                     0x080014e9   Thumb Code    86  f2d.o(x$fpl$f2d)
    __aeabi_fadd                             0x08001541   Thumb Code     0  faddsub_clz.o(x$fpl$fadd)
    _fadd                                    0x08001541   Thumb Code   196  faddsub_clz.o(x$fpl$fadd)
    __aeabi_dcmpeq                           0x08001605   Thumb Code     0  dcmp.o(x$fpl$fcmp)
    _deq                                     0x08001605   Thumb Code    14  dcmp.o(x$fpl$fcmp)
    _dneq                                    0x08001613   Thumb Code    14  dcmp.o(x$fpl$fcmp)
    __aeabi_dcmpgt                           0x08001621   Thumb Code     0  dcmp.o(x$fpl$fcmp)
    _dgr                                     0x08001621   Thumb Code    14  dcmp.o(x$fpl$fcmp)
    __aeabi_dcmpge                           0x0800162f   Thumb Code     0  dcmp.o(x$fpl$fcmp)
    _dgeq                                    0x0800162f   Thumb Code    14  dcmp.o(x$fpl$fcmp)
    __aeabi_dcmple                           0x0800163d   Thumb Code     0  dcmp.o(x$fpl$fcmp)
    _dleq                                    0x0800163d   Thumb Code    14  dcmp.o(x$fpl$fcmp)
    __aeabi_dcmplt                           0x0800164b   Thumb Code     0  dcmp.o(x$fpl$fcmp)
    _dls                                     0x0800164b   Thumb Code    14  dcmp.o(x$fpl$fcmp)
    __aeabi_fdiv                             0x08001659   Thumb Code     0  fdiv.o(x$fpl$fdiv)
    _fdiv                                    0x08001659   Thumb Code   384  fdiv.o(x$fpl$fdiv)
    __aeabi_i2f                              0x080017dd   Thumb Code     0  fflt_clz.o(x$fpl$fflt)
    _fflt                                    0x080017dd   Thumb Code    48  fflt_clz.o(x$fpl$fflt)
    __aeabi_fmul                             0x0800180d   Thumb Code     0  fmul.o(x$fpl$fmul)
    _fmul                                    0x0800180d   Thumb Code   258  fmul.o(x$fpl$fmul)
    __fpl_fnaninf                            0x0800190f   Thumb Code   140  fnaninf.o(x$fpl$fnaninf)
    __fpl_fretinf                            0x0800199b   Thumb Code    10  fretinf.o(x$fpl$fretinf)
    __aeabi_fsub                             0x080019a5   Thumb Code     0  faddsub_clz.o(x$fpl$fsub)
    _fsub                                    0x080019a5   Thumb Code   234  faddsub_clz.o(x$fpl$fsub)
    __I$use$fp                               0x08001a8e   Number         0  usenofp.o(x$fpl$usenofp)
    Region$$Table$$Base                      0x08001aac   Number         0  anon$$obj.o(Region$$Table)
    Region$$Table$$Limit                     0x08001acc   Number         0  anon$$obj.o(Region$$Table)
    G                                        0x20000000   Data           4  main_nhung.o(.data.G)
    Sensitivity                              0x20000004   Data           4  main_nhung.o(.data.Sensitivity)
    __libspace_start                         0x20000008   Data          96  libspace.o(.bss)
    __temporary_stack_top$libspace           0x20000068   Data           0  libspace.o(.bss)
    system                                   0x20000068   Data           1  main_nhung.o(.bss.system)



==============================================================================

Memory Map of the image

  Image Entry point : 0x080001b5

  Load Region LR_1 (Base: 0x08000000, Size: 0x00001ad4, Max: 0xffffffff, ABSOLUTE)

    Execution Region ER_RO (Exec base: 0x08000000, Load base: 0x08000000, Size: 0x00001acc, Max: 0xffffffff, ABSOLUTE)

    Exec Addr    Load Addr    Size         Type   Attr      Idx    E Section Name        Object

    0x08000000   0x08000000   0x000000ec   Data   RO           81    RESET               startup_stm32f10x_md.o
    0x080000ec   0x080000ec   0x00000008   Code   RO          109  * !!!main             c_w.l(__main.o)
    0x080000f4   0x080000f4   0x0000005c   Code   RO          334    !!!scatter          c_w.l(__scatter.o)
    0x08000150   0x08000150   0x0000001a   Code   RO          338    !!handler_copy      c_w.l(__scatter_copy.o)
    0x0800016a   0x0800016a   0x00000002   PAD
    0x0800016c   0x0800016c   0x00000002   Code   RO          335    !!handler_null      c_w.l(__scatter.o)
    0x0800016e   0x0800016e   0x00000002   PAD
    0x08000170   0x08000170   0x0000001c   Code   RO          340    !!handler_zi        c_w.l(__scatter_zi.o)
    0x0800018c   0x0800018c   0x00000002   Code   RO          199    .ARM.Collect$$libinit$$00000000  c_w.l(libinit.o)
    0x0800018e   0x0800018e   0x00000000   Code   RO          203    .ARM.Collect$$libinit$$00000002  c_w.l(libinit2.o)
    0x0800018e   0x0800018e   0x00000000   Code   RO          205    .ARM.Collect$$libinit$$00000004  c_w.l(libinit2.o)
    0x0800018e   0x0800018e   0x00000000   Code   RO          207    .ARM.Collect$$libinit$$00000006  c_w.l(libinit2.o)
    0x0800018e   0x0800018e   0x00000000   Code   RO          210    .ARM.Collect$$libinit$$0000000C  c_w.l(libinit2.o)
    0x0800018e   0x0800018e   0x00000000   Code   RO          212    .ARM.Collect$$libinit$$0000000E  c_w.l(libinit2.o)
    0x0800018e   0x0800018e   0x00000000   Code   RO          214    .ARM.Collect$$libinit$$00000010  c_w.l(libinit2.o)
    0x0800018e   0x0800018e   0x00000000   Code   RO          217    .ARM.Collect$$libinit$$00000013  c_w.l(libinit2.o)
    0x0800018e   0x0800018e   0x00000000   Code   RO          219    .ARM.Collect$$libinit$$00000015  c_w.l(libinit2.o)
    0x0800018e   0x0800018e   0x00000000   Code   RO          221    .ARM.Collect$$libinit$$00000017  c_w.l(libinit2.o)
    0x0800018e   0x0800018e   0x00000000   Code   RO          223    .ARM.Collect$$libinit$$00000019  c_w.l(libinit2.o)
    0x0800018e   0x0800018e   0x00000000   Code   RO          225    .ARM.Collect$$libinit$$0000001B  c_w.l(libinit2.o)
    0x0800018e   0x0800018e   0x00000000   Code   RO          227    .ARM.Collect$$libinit$$0000001D  c_w.l(libinit2.o)
    0x0800018e   0x0800018e   0x00000000   Code   RO          229    .ARM.Collect$$libinit$$0000001F  c_w.l(libinit2.o)
    0x0800018e   0x0800018e   0x00000000   Code   RO          231    .ARM.Collect$$libinit$$00000021  c_w.l(libinit2.o)
    0x0800018e   0x0800018e   0x00000000   Code   RO          233    .ARM.Collect$$libinit$$00000023  c_w.l(libinit2.o)
    0x0800018e   0x0800018e   0x00000000   Code   RO          235    .ARM.Collect$$libinit$$00000025  c_w.l(libinit2.o)
    0x0800018e   0x0800018e   0x00000000   Code   RO          237    .ARM.Collect$$libinit$$00000027  c_w.l(libinit2.o)
    0x0800018e   0x0800018e   0x00000000   Code   RO          241    .ARM.Collect$$libinit$$0000002E  c_w.l(libinit2.o)
    0x0800018e   0x0800018e   0x00000000   Code   RO          243    .ARM.Collect$$libinit$$00000030  c_w.l(libinit2.o)
    0x0800018e   0x0800018e   0x00000000   Code   RO          245    .ARM.Collect$$libinit$$00000032  c_w.l(libinit2.o)
    0x0800018e   0x0800018e   0x00000000   Code   RO          247    .ARM.Collect$$libinit$$00000034  c_w.l(libinit2.o)
    0x0800018e   0x0800018e   0x00000002   Code   RO          248    .ARM.Collect$$libinit$$00000035  c_w.l(libinit2.o)
    0x08000190   0x08000190   0x00000002   Code   RO          270    .ARM.Collect$$libshutdown$$00000000  c_w.l(libshutdown.o)
    0x08000192   0x08000192   0x00000000   Code   RO          285    .ARM.Collect$$libshutdown$$00000002  c_w.l(libshutdown2.o)
    0x08000192   0x08000192   0x00000000   Code   RO          287    .ARM.Collect$$libshutdown$$00000004  c_w.l(libshutdown2.o)
    0x08000192   0x08000192   0x00000000   Code   RO          290    .ARM.Collect$$libshutdown$$00000007  c_w.l(libshutdown2.o)
    0x08000192   0x08000192   0x00000000   Code   RO          293    .ARM.Collect$$libshutdown$$0000000A  c_w.l(libshutdown2.o)
    0x08000192   0x08000192   0x00000000   Code   RO          295    .ARM.Collect$$libshutdown$$0000000C  c_w.l(libshutdown2.o)
    0x08000192   0x08000192   0x00000000   Code   RO          298    .ARM.Collect$$libshutdown$$0000000F  c_w.l(libshutdown2.o)
    0x08000192   0x08000192   0x00000002   Code   RO          299    .ARM.Collect$$libshutdown$$00000010  c_w.l(libshutdown2.o)
    0x08000194   0x08000194   0x00000000   Code   RO          145    .ARM.Collect$$rtentry$$00000000  c_w.l(__rtentry.o)
    0x08000194   0x08000194   0x00000000   Code   RO          166    .ARM.Collect$$rtentry$$00000002  c_w.l(__rtentry2.o)
    0x08000194   0x08000194   0x00000006   Code   RO          178    .ARM.Collect$$rtentry$$00000004  c_w.l(__rtentry4.o)
    0x0800019a   0x0800019a   0x00000000   Code   RO          168    .ARM.Collect$$rtentry$$00000009  c_w.l(__rtentry2.o)
    0x0800019a   0x0800019a   0x00000004   Code   RO          169    .ARM.Collect$$rtentry$$0000000A  c_w.l(__rtentry2.o)
    0x0800019e   0x0800019e   0x00000000   Code   RO          171    .ARM.Collect$$rtentry$$0000000C  c_w.l(__rtentry2.o)
    0x0800019e   0x0800019e   0x00000008   Code   RO          172    .ARM.Collect$$rtentry$$0000000D  c_w.l(__rtentry2.o)
    0x080001a6   0x080001a6   0x00000002   Code   RO          200    .ARM.Collect$$rtexit$$00000000  c_w.l(rtexit.o)
    0x080001a8   0x080001a8   0x00000000   Code   RO          250    .ARM.Collect$$rtexit$$00000002  c_w.l(rtexit2.o)
    0x080001a8   0x080001a8   0x00000004   Code   RO          251    .ARM.Collect$$rtexit$$00000003  c_w.l(rtexit2.o)
    0x080001ac   0x080001ac   0x00000006   Code   RO          252    .ARM.Collect$$rtexit$$00000004  c_w.l(rtexit2.o)
    0x080001b2   0x080001b2   0x00000002   PAD
    0x080001b4   0x080001b4   0x00000040   Code   RO           82  * .text               startup_stm32f10x_md.o
    0x080001f4   0x080001f4   0x00000006   Code   RO          107    .text               c_w.l(heapauxi.o)
    0x080001fa   0x080001fa   0x00000016   Code   RO          146    .text               c_w.l(_rserrno.o)
    0x08000210   0x08000210   0x00000008   Code   RO          183    .text               c_w.l(rt_errno_addr_intlibspace.o)
    0x08000218   0x08000218   0x00000008   Code   RO          187    .text               c_w.l(libspace.o)
    0x08000220   0x08000220   0x0000004a   Code   RO          190    .text               c_w.l(sys_stackheap_outer.o)
    0x0800026a   0x0800026a   0x00000012   Code   RO          192    .text               c_w.l(exit.o)
    0x0800027c   0x0800027c   0x0000000c   Code   RO          260    .text               c_w.l(sys_exit.o)
    0x08000288   0x08000288   0x00000002   Code   RO          275    .text               c_w.l(use_no_semi.o)
    0x0800028a   0x0800028a   0x00000000   Code   RO          277    .text               c_w.l(indicate_semi.o)
    0x0800028a   0x0800028a   0x00000002   PAD
    0x0800028c   0x0800028c   0x000000aa   Code   RO           46    .text.Calculate_Magnitude  main_nhung.o
    0x08000336   0x08000336   0x00000002   PAD
    0x08000338   0x08000338   0x0000002c   Code   RO           20    .text.Delay_ms      main_nhung.o
    0x08000364   0x08000364   0x00000026   Code   RO           62    .text.Delay_us      main_nhung.o
    0x0800038a   0x0800038a   0x00000002   PAD
    0x0800038c   0x0800038c   0x00000068   Code   RO           28    .text.Detect_Fall   main_nhung.o
    0x080003f4   0x080003f4   0x00000076   Code   RO           52    .text.EXTI1_IRQHandler  main_nhung.o
    0x0800046a   0x0800046a   0x00000002   PAD
    0x0800046c   0x0800046c   0x000000ca   Code   RO           18    .text.EXTI_Config   main_nhung.o
    0x08000536   0x08000536   0x00000002   PAD
    0x08000538   0x08000538   0x00000048   Code   RO           54    .text.GPIO_Init_Pin  main_nhung.o
    0x08000580   0x08000580   0x00000066   Code   RO           10    .text.I2C_Init      main_nhung.o
    0x080005e6   0x080005e6   0x00000002   PAD
    0x080005e8   0x080005e8   0x00000068   Code   RO           42    .text.I2C_Read_Data  main_nhung.o
    0x08000650   0x08000650   0x00000026   Code   RO           30    .text.I2C_Start     main_nhung.o
    0x08000676   0x08000676   0x00000002   PAD
    0x08000678   0x08000678   0x00000012   Code   RO           32    .text.I2C_Stop      main_nhung.o
    0x0800068a   0x0800068a   0x00000002   PAD
    0x0800068c   0x0800068c   0x0000002e   Code   RO           40    .text.I2C_Write     main_nhung.o
    0x080006ba   0x080006ba   0x00000002   PAD
    0x080006bc   0x080006bc   0x00000038   Code   RO           34    .text.I2C_Write_Addr  main_nhung.o
    0x080006f4   0x080006f4   0x0000002e   Code   RO           36    .text.I2C_Write_Addr_Reg  main_nhung.o
    0x08000722   0x08000722   0x00000002   PAD
    0x08000724   0x08000724   0x00000044   Code   RO           38    .text.I2C_Write_Data  main_nhung.o
    0x08000768   0x08000768   0x0000001c   Code   RO            4    .text.Initial       main_nhung.o
    0x08000784   0x08000784   0x00000030   Code   RO           58    .text.LCD_Enable    main_nhung.o
    0x080007b4   0x080007b4   0x00000058   Code   RO           14    .text.LCD_Init      main_nhung.o
    0x0800080c   0x0800080c   0x00000028   Code   RO           56    .text.LCD_Mode_4bit  main_nhung.o
    0x08000834   0x08000834   0x0000002e   Code   RO           22    .text.LCD_Send_Command  main_nhung.o
    0x08000862   0x08000862   0x00000002   PAD
    0x08000864   0x08000864   0x0000002e   Code   RO           60    .text.LCD_Send_Data  main_nhung.o
    0x08000892   0x08000892   0x00000002   PAD
    0x08000894   0x08000894   0x0000002e   Code   RO           24    .text.LCD_Send_String  main_nhung.o
    0x080008c2   0x080008c2   0x00000002   PAD
    0x080008c4   0x080008c4   0x0000003a   Code   RO           12    .text.Led_Init      main_nhung.o
    0x080008fe   0x080008fe   0x00000002   PAD
    0x08000900   0x08000900   0x00000032   Code   RO           16    .text.MPU6050_Init  main_nhung.o
    0x08000932   0x08000932   0x00000002   PAD
    0x08000934   0x08000934   0x00000056   Code   RO           26    .text.MPU6050_Read_Accel  main_nhung.o
    0x0800098a   0x0800098a   0x00000002   PAD
    0x0800098c   0x0800098c   0x000000aa   Code   RO            6    .text.Run           main_nhung.o
    0x08000a36   0x08000a36   0x00000002   PAD
    0x08000a38   0x08000a38   0x00000008   Code   RO           91    .text.SetSysClock   system_stm32f10x.o
    0x08000a40   0x08000a40   0x00000122   Code   RO           95    .text.SetSysClockTo72  system_stm32f10x.o
    0x08000b62   0x08000b62   0x00000002   PAD
    0x08000b64   0x08000b64   0x000000c8   Code   RO            8    .text.SysClkConf_72MHz  main_nhung.o
    0x08000c2c   0x08000c2c   0x00000066   Code   RO           89    .text.SystemInit    system_stm32f10x.o
    0x08000c92   0x08000c92   0x00000002   PAD
    0x08000c94   0x08000c94   0x00000030   Code   RO           50    .text.__NVIC_EnableIRQ  main_nhung.o
    0x08000cc4   0x08000cc4   0x00000042   Code   RO           48    .text.__NVIC_SetPriority  main_nhung.o
    0x08000d06   0x08000d06   0x00000002   PAD
    0x08000d08   0x08000d08   0x0000000e   Code   RO            2    .text.main          main_nhung.o
    0x08000d16   0x08000d16   0x0000004c   Code   RO          142    i.sqrt              m_ws.l(sqrt.o)
    0x08000d62   0x08000d62   0x00000002   PAD
    0x08000d64   0x08000d64   0x00000062   Code   RO          111    x$fpl$d2f           fz_ws.l(d2f.o)
    0x08000dc6   0x08000dc6   0x00000002   PAD
    0x08000dc8   0x08000dc8   0x00000150   Code   RO          113    x$fpl$dadd          fz_ws.l(daddsub_clz.o)
    0x08000f18   0x08000f18   0x00000018   Code   RO          185    x$fpl$dcmpinf       fz_ws.l(dcmpi.o)
    0x08000f30   0x08000f30   0x00000078   Code   RO          148    x$fpl$deqf          fz_ws.l(deqf.o)
    0x08000fa8   0x08000fa8   0x00000078   Code   RO          150    x$fpl$dgeqf         fz_ws.l(dgeqf.o)
    0x08001020   0x08001020   0x00000078   Code   RO          152    x$fpl$dleqf         fz_ws.l(dleqf.o)
    0x08001098   0x08001098   0x0000009c   Code   RO          154    x$fpl$dnaninf       fz_ws.l(dnaninf.o)
    0x08001134   0x08001134   0x0000000c   Code   RO          156    x$fpl$dretinf       fz_ws.l(dretinf.o)
    0x08001140   0x08001140   0x000001cc   Code   RO          158    x$fpl$dsqrt         fz_ws.l(dsqrt_noumaal.o)
    0x0800130c   0x0800130c   0x000001dc   Code   RO          115    x$fpl$dsub          fz_ws.l(daddsub_clz.o)
    0x080014e8   0x080014e8   0x00000056   Code   RO          121    x$fpl$f2d           fz_ws.l(f2d.o)
    0x0800153e   0x0800153e   0x00000002   PAD
    0x08001540   0x08001540   0x000000c4   Code   RO          123    x$fpl$fadd          fz_ws.l(faddsub_clz.o)
    0x08001604   0x08001604   0x00000054   Code   RO          119    x$fpl$fcmp          fz_ws.l(dcmp.o)
    0x08001658   0x08001658   0x00000184   Code   RO          130    x$fpl$fdiv          fz_ws.l(fdiv.o)
    0x080017dc   0x080017dc   0x00000030   Code   RO          134    x$fpl$fflt          fz_ws.l(fflt_clz.o)
    0x0800180c   0x0800180c   0x00000102   Code   RO          139    x$fpl$fmul          fz_ws.l(fmul.o)
    0x0800190e   0x0800190e   0x0000008c   Code   RO          160    x$fpl$fnaninf       fz_ws.l(fnaninf.o)
    0x0800199a   0x0800199a   0x0000000a   Code   RO          162    x$fpl$fretinf       fz_ws.l(fretinf.o)
    0x080019a4   0x080019a4   0x000000ea   Code   RO          125    x$fpl$fsub          fz_ws.l(faddsub_clz.o)
    0x08001a8e   0x08001a8e   0x00000000   Code   RO          164    x$fpl$usenofp       fz_ws.l(usenofp.o)
    0x08001a8e   0x08001a8e   0x0000001e   Data   RO           67    .rodata.str1.1      main_nhung.o
    0x08001aac   0x08001aac   0x00000020   Data   RO          333    Region$$Table       anon$$obj.o


    Execution Region ER_RW (Exec base: 0x20000000, Load base: 0x08001acc, Size: 0x00000008, Max: 0xffffffff, ABSOLUTE)

    Exec Addr    Load Addr    Size         Type   Attr      Idx    E Section Name        Object

    0x20000000   0x08001acc   0x00000004   Data   RW           65    .data.G             main_nhung.o
    0x20000004   0x08001ad0   0x00000004   Data   RW           64    .data.Sensitivity   main_nhung.o


    Execution Region ER_ZI (Exec base: 0x20000008, Load base: 0x08001ad4, Size: 0x00000668, Max: 0xffffffff, ABSOLUTE)

    Exec Addr    Load Addr    Size         Type   Attr      Idx    E Section Name        Object

    0x20000008        -       0x00000060   Zero   RW          188    .bss                c_w.l(libspace.o)
    0x20000068        -       0x00000001   Zero   RW           66    .bss.system         main_nhung.o
    0x20000069   0x08001ad4   0x00000007   PAD
    0x20000070        -       0x00000200   Zero   RW           80    HEAP                startup_stm32f10x_md.o
    0x20000270        -       0x00000400   Zero   RW           79    STACK               startup_stm32f10x_md.o


==============================================================================

Image component sizes


      Code (inc. data)   RO Data    RW Data    ZI Data      Debug   Object Name

      2260          0         30          8          1       8902   main_nhung.o
        64         26        236          0       1536        836   startup_stm32f10x_md.o
       400          0          0          0          0       2863   system_stm32f10x.o

    ----------------------------------------------------------------------
      2762         26        298          8       1544      12601   Object Totals
         0          0         32          0          0          0   (incl. Generated)
        38          0          0          0          7          0   (incl. Padding)

    ----------------------------------------------------------------------

      Code (inc. data)   RO Data    RW Data    ZI Data      Debug   Library Member Name

         8          0          0          0          0         68   __main.o
         0          0          0          0          0          0   __rtentry.o
        12          0          0          0          0          0   __rtentry2.o
         6          0          0          0          0          0   __rtentry4.o
        94          8          0          0          0          0   __scatter.o
        26          0          0          0          0          0   __scatter_copy.o
        28          0          0          0          0          0   __scatter_zi.o
        22          0          0          0          0        100   _rserrno.o
        18          0          0          0          0         80   exit.o
         6          0          0          0          0        152   heapauxi.o
         0          0          0          0          0          0   indicate_semi.o
         2          0          0          0          0          0   libinit.o
         2          0          0          0          0          0   libinit2.o
         2          0          0          0          0          0   libshutdown.o
         2          0          0          0          0          0   libshutdown2.o
         8          4          0          0         96         68   libspace.o
         8          4          0          0          0         68   rt_errno_addr_intlibspace.o
         2          0          0          0          0          0   rtexit.o
        10          0          0          0          0          0   rtexit2.o
        12          4          0          0          0         68   sys_exit.o
        74          0          0          0          0         80   sys_stackheap_outer.o
         2          0          0          0          0         68   use_no_semi.o
        98          4          0          0          0         92   d2f.o
       812         16          0          0          0        296   daddsub_clz.o
        84          0          0          0          0        196   dcmp.o
        24          0          0          0          0         68   dcmpi.o
       120          4          0          0          0         92   deqf.o
       120          4          0          0          0         92   dgeqf.o
       120          4          0          0          0         92   dleqf.o
       156          4          0          0          0         92   dnaninf.o
        12          0          0          0          0         68   dretinf.o
       460         56          0          0          0        120   dsqrt_noumaal.o
        86          4          0          0          0         84   f2d.o
       430          8          0          0          0        168   faddsub_clz.o
       388         76          0          0          0         96   fdiv.o
        48          0          0          0          0         68   fflt_clz.o
       258          4          0          0          0         84   fmul.o
       140          4          0          0          0         84   fnaninf.o
        10          0          0          0          0         68   fretinf.o
         0          0          0          0          0          0   usenofp.o
        76          0          0          0          0         84   sqrt.o

    ----------------------------------------------------------------------
      3800        208          0          0         96       2696   Library Totals
        14          0          0          0          0          0   (incl. Padding)

    ----------------------------------------------------------------------

      Code (inc. data)   RO Data    RW Data    ZI Data      Debug   Library Name

       344         20          0          0         96        752   c_w.l
      3366        188          0          0          0       1860   fz_ws.l
        76          0          0          0          0         84   m_ws.l

    ----------------------------------------------------------------------
      3800        208          0          0         96       2696   Library Totals

    ----------------------------------------------------------------------

==============================================================================


      Code (inc. data)   RO Data    RW Data    ZI Data      Debug   

      6562        234        298          8       1640      14093   Grand Totals
      6562        234        298          8       1640      14093   ELF Image Totals
      6562        234        298          8          0          0   ROM Totals

==============================================================================

    Total RO  Size (Code + RO Data)                 6860 (   6.70kB)
    Total RW  Size (RW Data + ZI Data)              1648 (   1.61kB)
    Total ROM Size (Code + RO Data + RW Data)       6868 (   6.71kB)

==============================================================================

